Archive member included because of file (symbol)

C:\Users\UNKNOWN\Documents\LPCXpresso_6.1.4_194\workspace\Lib_CMSISv1p30_LPC17xx\Debug\libLib_CMSISv1p30_LPC17xx.a(system_LPC17xx.o)
                              ./src/easyweb.o (SystemCoreClock)
C:\Users\UNKNOWN\Documents\LPCXpresso_6.1.4_194\workspace\Lib_EaBaseBoard\Debug\libLib_EaBaseBoard.a(light.o)
                              ./src/easyweb.o (light_init)
C:\Users\UNKNOWN\Documents\LPCXpresso_6.1.4_194\workspace\Lib_EaBaseBoard\Debug\libLib_EaBaseBoard.a(oled.o)
                              ./src/easyweb.o (oled_init)
C:\Users\UNKNOWN\Documents\LPCXpresso_6.1.4_194\workspace\Lib_EaBaseBoard\Debug\libLib_EaBaseBoard.a(font5x7.o)
                              C:\Users\UNKNOWN\Documents\LPCXpresso_6.1.4_194\workspace\Lib_EaBaseBoard\Debug\libLib_EaBaseBoard.a(oled.o) (font5x7)
C:\Users\UNKNOWN\Documents\LPCXpresso_6.1.4_194\workspace\Lib_MCU\Debug\libLib_MCU.a(lpc17xx_gpio.o)
                              C:\Users\UNKNOWN\Documents\LPCXpresso_6.1.4_194\workspace\Lib_EaBaseBoard\Debug\libLib_EaBaseBoard.a(oled.o) (GPIO_SetDir)
C:\Users\UNKNOWN\Documents\LPCXpresso_6.1.4_194\workspace\Lib_MCU\Debug\libLib_MCU.a(lpc17xx_i2c.o)
                              ./src/easyweb.o (I2C_Init)
C:\Users\UNKNOWN\Documents\LPCXpresso_6.1.4_194\workspace\Lib_MCU\Debug\libLib_MCU.a(lpc17xx_libcfg_default.o)
                              C:\Users\UNKNOWN\Documents\LPCXpresso_6.1.4_194\workspace\Lib_MCU\Debug\libLib_MCU.a(lpc17xx_i2c.o) (check_failed)
C:\Users\UNKNOWN\Documents\LPCXpresso_6.1.4_194\workspace\Lib_MCU\Debug\libLib_MCU.a(lpc17xx_pinsel.o)
                              ./src/easyweb.o (PINSEL_ConfigPin)
C:\Users\UNKNOWN\Documents\LPCXpresso_6.1.4_194\workspace\Lib_MCU\Debug\libLib_MCU.a(lpc17xx_ssp.o)
                              ./src/easyweb.o (SSP_Init)
C:\Users\UNKNOWN\Documents\LPCXpresso_6.1.4_194\workspace\Lib_MCU\Debug\libLib_MCU.a(lpc17xx_clkpwr.o)
                              C:\Users\UNKNOWN\Documents\LPCXpresso_6.1.4_194\workspace\Lib_MCU\Debug\libLib_MCU.a(lpc17xx_i2c.o) (CLKPWR_SetPCLKDiv)
c:/nxp/lpcxpresso_6.1.4_194/lpcxpresso/tools/bin/../lib/gcc/arm-none-eabi/4.6.2/armv7-m\libgcc.a(_arm_addsubdf3.o)
                              ./src/easyweb.o (__aeabi_i2d)
c:/nxp/lpcxpresso_6.1.4_194/lpcxpresso/tools/bin/../lib/gcc/arm-none-eabi/4.6.2/armv7-m\libgcc.a(_arm_muldivdf3.o)
                              ./src/easyweb.o (__aeabi_dmul)
c:/nxp/lpcxpresso_6.1.4_194/lpcxpresso/tools/bin/../lib/gcc/arm-none-eabi/4.6.2/armv7-m\libgcc.a(_arm_fixdfsi.o)
                              ./src/easyweb.o (__aeabi_d2iz)
c:/nxp/lpcxpresso_6.1.4_194/lpcxpresso/tools/bin/../lib/gcc/arm-none-eabi/4.6.2/armv7-m\libgcc.a(_arm_fixunsdfsi.o)
                              ./src/easyweb.o (__aeabi_d2uiz)
c:/nxp/lpcxpresso_6.1.4_194/lpcxpresso/tools/bin/../lib/gcc/arm-none-eabi/4.6.2/armv7-m\libgcc.a(_aeabi_uldivmod.o)
                              C:\Users\UNKNOWN\Documents\LPCXpresso_6.1.4_194\workspace\Lib_CMSISv1p30_LPC17xx\Debug\libLib_CMSISv1p30_LPC17xx.a(system_LPC17xx.o) (__aeabi_uldivmod)
c:/nxp/lpcxpresso_6.1.4_194/lpcxpresso/tools/bin/../lib/gcc/arm-none-eabi/4.6.2/armv7-m\libgcc.a(bpabi.o)
                              c:/nxp/lpcxpresso_6.1.4_194/lpcxpresso/tools/bin/../lib/gcc/arm-none-eabi/4.6.2/armv7-m\libgcc.a(_aeabi_uldivmod.o) (__gnu_uldivmod_helper)
c:/nxp/lpcxpresso_6.1.4_194/lpcxpresso/tools/bin/../lib/gcc/arm-none-eabi/4.6.2/armv7-m\libgcc.a(_dvmd_tls.o)
                              c:/nxp/lpcxpresso_6.1.4_194/lpcxpresso/tools/bin/../lib/gcc/arm-none-eabi/4.6.2/armv7-m\libgcc.a(_aeabi_uldivmod.o) (__aeabi_ldiv0)
c:/nxp/lpcxpresso_6.1.4_194/lpcxpresso/tools/bin/../lib/gcc/arm-none-eabi/4.6.2/armv7-m\libgcc.a(_divdi3.o)
                              c:/nxp/lpcxpresso_6.1.4_194/lpcxpresso/tools/bin/../lib/gcc/arm-none-eabi/4.6.2/armv7-m\libgcc.a(bpabi.o) (__divdi3)
c:/nxp/lpcxpresso_6.1.4_194/lpcxpresso/tools/bin/../lib/gcc/arm-none-eabi/4.6.2/armv7-m\libgcc.a(_udivdi3.o)
                              c:/nxp/lpcxpresso_6.1.4_194/lpcxpresso/tools/bin/../lib/gcc/arm-none-eabi/4.6.2/armv7-m\libgcc.a(bpabi.o) (__udivdi3)
c:/nxp/lpcxpresso_6.1.4_194/lpcxpresso/tools/bin/../lib/gcc/arm-none-eabi/4.6.2/../../../../arm-none-eabi/lib/armv7-m\libc.a(lib_a-memcmp.o)
                              ./src/tcpip.o (memcmp)
c:/nxp/lpcxpresso_6.1.4_194/lpcxpresso/tools/bin/../lib/gcc/arm-none-eabi/4.6.2/../../../../arm-none-eabi/lib/armv7-m\libc.a(lib_a-memcpy.o)
                              ./src/easyweb.o (memcpy)
c:/nxp/lpcxpresso_6.1.4_194/lpcxpresso/tools/bin/../lib/gcc/arm-none-eabi/4.6.2/../../../../arm-none-eabi/lib/armv7-m\libc.a(lib_a-memset.o)
                              ./src/tcpip.o (memset)
c:/nxp/lpcxpresso_6.1.4_194/lpcxpresso/tools/bin/../lib/gcc/arm-none-eabi/4.6.2/../../../../arm-none-eabi/lib/armv7-m\libc.a(lib_a-sprintf.o)
                              ./src/easyweb.o (sprintf)
[...]
Memory Configuration

Name             Origin             Length             Attributes
MFlash512        0x00000000         0x00080000         xr
RamLoc32         0x10000000         0x00008000         xrw
RamAHB32         0x2007c000         0x00008000         xrw
*default*        0x00000000         0xffffffff

Linker script and memory map

LOAD ./src/cr_startup_lpc17.o
LOAD ./src/easyweb.o
LOAD ./src/ethmac.o
LOAD ./src/ew_systick.o
LOAD ./src/tcpip.o
LOAD C:\Users\UNKNOWN\Documents\LPCXpresso_6.1.4_194\workspace\Lib_CMSISv1p30_LPC17xx\Debug\libLib_CMSISv1p30_LPC17xx.a
LOAD C:\Users\UNKNOWN\Documents\LPCXpresso_6.1.4_194\workspace\Lib_EaBaseBoard\Debug\libLib_EaBaseBoard.a
LOAD C:\Users\UNKNOWN\Documents\LPCXpresso_6.1.4_194\workspace\Lib_MCU\Debug\libLib_MCU.a
START GROUP
LOAD c:/nxp/lpcxpresso_6.1.4_194/lpcxpresso/tools/bin/../lib/gcc/arm-none-eabi/4.6.2/armv7-m\libgcc.a
LOAD c:/nxp/lpcxpresso_6.1.4_194/lpcxpresso/tools/bin/../lib/gcc/arm-none-eabi/4.6.2/../../../../arm-none-eabi/lib/armv7-m\libc.a
LOAD c:/nxp/lpcxpresso_6.1.4_194/lpcxpresso/tools/bin/../lib/gcc/arm-none-eabi/4.6.2/../../../../arm-none-eabi/lib/armv7-m\libm.a
LOAD c:/nxp/lpcxpresso_6.1.4_194/lpcxpresso/tools/bin/../lib/gcc/arm-none-eabi/4.6.2/../../../../arm-none-eabi/lib/armv7-m\libcr_newlib_semihost.a
END GROUP
                0x00080000                __top_MFlash512 = 0x80000
                0x10008000                __top_RamLoc32 = 0x10008000
                0x20084000                __top_RamAHB32 = 0x20084000

.text           0x00000000     0xa86c
 FILL mask 0xff
                0x00000000                __vectors_start__ = ABSOLUTE (.)
 *(.isr_vector)
 .isr_vector    0x00000000       0xcc ./src/cr_startup_lpc17.o
                0x00000000                g_pfnVectors
                0x000000cc                . = ALIGN (0x4)
                0x000000cc                __section_table_start = .
                0x000000cc                __data_section_table = .
                0x000000cc        0x4 LONG 0xa874 LOADADDR (.data)
                0x000000d0        0x4 LONG 0x10000000 ADDR (.data)
                0x000000d4        0x4 LONG 0x884 SIZEOF (.data)
                0x000000d8        0x4 LONG 0xa874 LOADADDR (.data_RAM2)
                0x000000dc        0x4 LONG 0x2007c000 ADDR (.data_RAM2)
                0x000000e0        0x4 LONG 0x0 SIZEOF (.data_RAM2)
                0x000000e4                __data_section_table_end = .
                0x000000e4                __bss_section_table = .
                0x000000e4        0x4 LONG 0x10000884 ADDR (.bss)
                0x000000e8        0x4 LONG 0x7cc SIZEOF (.bss)
                0x000000ec        0x4 LONG 0x2007c000 ADDR (.bss_RAM2)
                0x000000f0        0x4 LONG 0x0 SIZEOF (.bss_RAM2)
                0x000000f4                __bss_section_table_end = .
                0x000000f4                __section_table_end = .
 *(.after_vectors*)
 *(.text*)
 .text.ResetISR
                0x000000f4       0x68 ./src/cr_startup_lpc17.o
                0x000000f4                ResetISR
 .text.NMI_Handler
                0x0000015c        0x8 ./src/cr_startup_lpc17.o
                0x0000015c                NMI_Handler
 .text.HardFault_Handler
                0x00000164        0x8 ./src/cr_startup_lpc17.o
                0x00000164                HardFault_Handler
 .text.MemManage_Handler
                0x0000016c        0x8 ./src/cr_startup_lpc17.o
                0x0000016c                MemManage_Handler
 .text.BusFault_Handler
                0x00000174        0x8 ./src/cr_startup_lpc17.o
                0x00000174                BusFault_Handler
 .text.UsageFault_Handler
                0x0000017c        0x8 ./src/cr_startup_lpc17.o
                0x0000017c                UsageFault_Handler
 .text.SVCall_Handler
                0x00000184        0x8 ./src/cr_startup_lpc17.o
                0x00000184                SVCall_Handler
 .text.DebugMon_Handler
                0x0000018c        0x8 ./src/cr_startup_lpc17.o
                0x0000018c                DebugMon_Handler
 .text.PendSV_Handler
                0x00000194        0x8 ./src/cr_startup_lpc17.o
                0x00000194                PendSV_Handler
 .text.IntDefaultHandler
                0x0000019c        0x8 ./src/cr_startup_lpc17.o
                0x0000019c                TIMER2_IRQHandler
                0x0000019c                RIT_IRQHandler
                0x0000019c                I2C0_IRQHandler
                0x0000019c                USBActivity_IRQHandler
                0x0000019c                PWM1_IRQHandler
                0x0000019c                I2C1_IRQHandler
                0x0000019c                EINT2_IRQHandler
                0x0000019c                UART1_IRQHandler
                0x0000019c                EINT3_IRQHandler
                0x0000019c                CANActivity_IRQHandler
                0x0000019c                TIMER3_IRQHandler
                0x0000019c                UART0_IRQHandler
                0x0000019c                IntDefaultHandler
                0x0000019c                PLL0_IRQHandler
                0x0000019c                CAN_IRQHandler
                0x0000019c                PLL1_IRQHandler
                0x0000019c                SSP0_IRQHandler
                0x0000019c                I2S_IRQHandler
                0x0000019c                I2C2_IRQHandler
                0x0000019c                RTC_IRQHandler
                0x0000019c                TIMER0_IRQHandler
                0x0000019c                SPI_IRQHandler
                0x0000019c                EINT1_IRQHandler
                0x0000019c                TIMER1_IRQHandler
                0x0000019c                UART2_IRQHandler
                0x0000019c                ADC_IRQHandler
                0x0000019c                SSP1_IRQHandler
                0x0000019c                USB_IRQHandler
                0x0000019c                BOD_IRQHandler
                0x0000019c                WDT_IRQHandler
                0x0000019c                QEI_IRQHandler
                0x0000019c                EINT0_IRQHandler
                0x0000019c                DMA_IRQHandler
                0x0000019c                UART3_IRQHandler
                0x0000019c                MCPWM_IRQHandler
                0x0000019c                ENET_IRQHandler
 .text.init_ssp
                0x000001a4       0x98 ./src/easyweb.o
 .text.init_i2c
                0x0000023c       0x5c ./src/easyweb.o
 .text.getLuz   0x00000298       0x10 ./src/easyweb.o
                0x00000298                getLuz
 .text.upadateSensorLuz
                0x000002a8       0x50 ./src/easyweb.o
                0x000002a8                upadateSensorLuz
 .text.showLuzPercente
                0x000002f8       0xe0 ./src/easyweb.o
                0x000002f8                showLuzPercente
 .text.main     0x000003d8      0x10c ./src/easyweb.o
                0x000003d8                main
 .text.HTTPServer
                0x000004e4      0x1ec ./src/easyweb.o
                0x000004e4                HTTPServer
 .text.InsertDynamicValues
                0x000006d0       0xb8 ./src/easyweb.o
                0x000006d0                InsertDynamicValues
 .text.WriteToPHY
                0x00000788       0x58 ./src/ethmac.o
                0x00000788                WriteToPHY
 .text.ReadFromPHY
                0x000007e0       0x70 ./src/ethmac.o
                0x000007e0                ReadFromPHY
 .text.Init_EthMAC
                0x00000850      0x478 ./src/ethmac.o
                0x00000850                Init_EthMAC
 .text.WriteFrame_EthMAC
                0x00000cc8       0x30 ./src/ethmac.o
                0x00000cc8                WriteFrame_EthMAC
 .text.CopyToFrame_EthMAC
                0x00000cf8       0x70 ./src/ethmac.o
                0x00000cf8                CopyToFrame_EthMAC
 .text.ReadFrame_EthMAC
                0x00000d68       0x28 ./src/ethmac.o
                0x00000d68                ReadFrame_EthMAC
 .text.ReadFrameBE_EthMAC
                0x00000d90       0x38 ./src/ethmac.o
                0x00000d90                ReadFrameBE_EthMAC
 .text.CopyFromFrame_EthMAC
                0x00000dc8       0x50 ./src/ethmac.o
                0x00000dc8                CopyFromFrame_EthMAC
 .text.DummyReadFrame_EthMAC
                0x00000e18       0x28 ./src/ethmac.o
                0x00000e18                DummyReadFrame_EthMAC
 .text.RequestSend
                0x00000e40       0x54 ./src/ethmac.o
                0x00000e40                RequestSend
 .text.Rdy4Tx   0x00000e94       0x10 ./src/ethmac.o
                0x00000e94                Rdy4Tx
 .text.StartReadingFrame
                0x00000ea4       0x60 ./src/ethmac.o
                0x00000ea4                StartReadingFrame
 .text.StopReadingFrame
                0x00000f04       0x38 ./src/ethmac.o
                0x00000f04                StopReadingFrame
 .text.CheckIfFrameReceived
                0x00000f3c       0x2c ./src/ethmac.o
                0x00000f3c                CheckIfFrameReceived
 .text.NVIC_SetPriority
                0x00000f68       0x5c ./src/ew_systick.o
 .text.SysTick_Config
                0x00000fc4       0x64 ./src/ew_systick.o
 .text.SysTick_Handler
                0x00001028       0x8c ./src/ew_systick.o
                0x00001028                SysTick_Handler
 .text.Start_SysTick10ms
                0x000010b4       0x30 ./src/ew_systick.o
                0x000010b4                Start_SysTick10ms
 .text.TCPLowLevelInit
                0x000010e4       0x54 ./src/tcpip.o
                0x000010e4                TCPLowLevelInit
 .text.TCPPassiveOpen
                0x00001138       0x50 ./src/tcpip.o
                0x00001138                TCPPassiveOpen
 .text.TCPClose
                0x00001188       0x7c ./src/tcpip.o
                0x00001188                TCPClose
 .text.TCPReleaseRxBuffer
                0x00001204       0x24 ./src/tcpip.o
                0x00001204                TCPReleaseRxBuffer
 .text.TCPTransmitTxBuffer
                0x00001228       0xb8 ./src/tcpip.o
                0x00001228                TCPTransmitTxBuffer
 .text.BroadcastMessage
                0x000012e0       0x68 ./src/tcpip.o
                0x000012e0                BroadcastMessage
 .text.DoNetworkStuff
                0x00001348      0x3c4 ./src/tcpip.o
                0x00001348                DoNetworkStuff
 .text.ProcessEthBroadcastFrame
                0x0000170c       0x9c ./src/tcpip.o
                0x0000170c                ProcessEthBroadcastFrame
 .text.ProcessEthIAFrame
                0x000017a8      0x138 ./src/tcpip.o
                0x000017a8                ProcessEthIAFrame
 .text.ProcessICMPFrame
                0x000018e0       0x2c ./src/tcpip.o
                0x000018e0                ProcessICMPFrame
 .text.ProcessTCPFrame
                0x0000190c      0x768 ./src/tcpip.o
                0x0000190c                ProcessTCPFrame
 .text.PrepareARP_REQUEST
                0x00002074      0x15c ./src/tcpip.o
                0x00002074                PrepareARP_REQUEST
 .text.PrepareARP_ANSWER
                0x000021d0       0xfc ./src/tcpip.o
                0x000021d0                PrepareARP_ANSWER
 .text.PrepareICMP_ECHO_REPLY
                0x000022cc      0x1dc ./src/tcpip.o
                0x000022cc                PrepareICMP_ECHO_REPLY
 .text.PrepareTCP_FRAME
                0x000024a8      0x260 ./src/tcpip.o
                0x000024a8                PrepareTCP_FRAME
 .text.PrepareTCP_DATA_FRAME
                0x00002708      0x1ac ./src/tcpip.o
                0x00002708                PrepareTCP_DATA_FRAME
 .text.CalcChecksum
                0x000028b4       0xe4 ./src/tcpip.o
                0x000028b4                CalcChecksum
 .text.TCPStartRetryTimer
                0x00002998       0x5c ./src/tcpip.o
                0x00002998                TCPStartRetryTimer
 .text.TCPStartTimeWaitTimer
                0x000029f4       0x4c ./src/tcpip.o
                0x000029f4                TCPStartTimeWaitTimer
 .text.TCPRestartTimer
                0x00002a40       0x18 ./src/tcpip.o
                0x00002a40                TCPRestartTimer
 .text.TCPStopTimer
                0x00002a58       0x24 ./src/tcpip.o
                0x00002a58                TCPStopTimer
 .text.TCPHandleRetransmission
                0x00002a7c       0x70 ./src/tcpip.o
                0x00002a7c                TCPHandleRetransmission
 .text.TCPHandleTimeout
                0x00002aec       0x58 ./src/tcpip.o
                0x00002aec                TCPHandleTimeout
 .text.TCPClockHandler
                0x00002b44       0x40 ./src/tcpip.o
                0x00002b44                TCPClockHandler
 .text.SendFrame1
                0x00002b84       0x20 ./src/tcpip.o
                0x00002b84                SendFrame1
 .text.SendFrame2
                0x00002ba4       0x20 ./src/tcpip.o
                0x00002ba4                SendFrame2
 .text.WriteWBE
                0x00002bc4       0x34 ./src/tcpip.o
                0x00002bc4                WriteWBE
 .text.WriteDWBE
                0x00002bf8       0x58 ./src/tcpip.o
                0x00002bf8                WriteDWBE
 .text.SwapBytes
                0x00002c50       0x30 ./src/tcpip.o
                0x00002c50                SwapBytes
 .text.SystemInit
                0x00002c80      0x22c C:\Users\UNKNOWN\Documents\LPCXpresso_6.1.4_194\workspace\Lib_CMSISv1p30_LPC17xx\Debug\libLib_CMSISv1p30_LPC17xx.a(system_LPC17xx.o)
                0x00002c80                SystemInit
 .text.I2CRead  0x00002eac       0x5c C:\Users\UNKNOWN\Documents\LPCXpresso_6.1.4_194\workspace\Lib_EaBaseBoard\Debug\libLib_EaBaseBoard.a(light.o)
 .text.I2CWrite
                0x00002f08       0x5c C:\Users\UNKNOWN\Documents\LPCXpresso_6.1.4_194\workspace\Lib_EaBaseBoard\Debug\libLib_EaBaseBoard.a(light.o)
 .text.light_init
                0x00002f64        0xc C:\Users\UNKNOWN\Documents\LPCXpresso_6.1.4_194\workspace\Lib_EaBaseBoard\Debug\libLib_EaBaseBoard.a(light.o)
                0x00002f64                light_init
 .text.light_enable
                0x00002f70       0x48 C:\Users\UNKNOWN\Documents\LPCXpresso_6.1.4_194\workspace\Lib_EaBaseBoard\Debug\libLib_EaBaseBoard.a(light.o)
                0x00002f70                light_enable
 .text.light_read
                0x00002fb8       0x90 C:\Users\UNKNOWN\Documents\LPCXpresso_6.1.4_194\workspace\Lib_EaBaseBoard\Debug\libLib_EaBaseBoard.a(light.o)
                0x00002fb8                light_read
 .text.writeCommand
                0x00003048       0x60 C:\Users\UNKNOWN\Documents\LPCXpresso_6.1.4_194\workspace\Lib_EaBaseBoard\Debug\libLib_EaBaseBoard.a(oled.o)
 .text.writeData
                0x000030a8       0x60 C:\Users\UNKNOWN\Documents\LPCXpresso_6.1.4_194\workspace\Lib_EaBaseBoard\Debug\libLib_EaBaseBoard.a(oled.o)
 .text.writeDataLen
                0x00003108       0x8c C:\Users\UNKNOWN\Documents\LPCXpresso_6.1.4_194\workspace\Lib_EaBaseBoard\Debug\libLib_EaBaseBoard.a(oled.o)
 .text.runInitSequence
                0x00003194      0x118 C:\Users\UNKNOWN\Documents\LPCXpresso_6.1.4_194\workspace\Lib_EaBaseBoard\Debug\libLib_EaBaseBoard.a(oled.o)
 .text.hLine    0x000032ac       0x4c C:\Users\UNKNOWN\Documents\LPCXpresso_6.1.4_194\workspace\Lib_EaBaseBoard\Debug\libLib_EaBaseBoard.a(oled.o)
 .text.vLine    0x000032f8       0x4c C:\Users\UNKNOWN\Documents\LPCXpresso_6.1.4_194\workspace\Lib_EaBaseBoard\Debug\libLib_EaBaseBoard.a(oled.o)
 .text.oled_init
                0x00003344       0x9c C:\Users\UNKNOWN\Documents\LPCXpresso_6.1.4_194\workspace\Lib_EaBaseBoard\Debug\libLib_EaBaseBoard.a(oled.o)
                0x00003344                oled_init
 .text.oled_putPixel
                0x000033e0      0x188 C:\Users\UNKNOWN\Documents\LPCXpresso_6.1.4_194\workspace\Lib_EaBaseBoard\Debug\libLib_EaBaseBoard.a(oled.o)
                0x000033e0                oled_putPixel
 .text.oled_line
                0x00003568      0x1d4 C:\Users\UNKNOWN\Documents\LPCXpresso_6.1.4_194\workspace\Lib_EaBaseBoard\Debug\libLib_EaBaseBoard.a(oled.o)
                0x00003568                oled_line
 .text.oled_fillRect
                0x0000373c       0x90 C:\Users\UNKNOWN\Documents\LPCXpresso_6.1.4_194\workspace\Lib_EaBaseBoard\Debug\libLib_EaBaseBoard.a(oled.o)
                0x0000373c                oled_fillRect
 .text.oled_clearScreen
                0x000037cc       0x74 C:\Users\UNKNOWN\Documents\LPCXpresso_6.1.4_194\workspace\Lib_EaBaseBoard\Debug\libLib_EaBaseBoard.a(oled.o)
                0x000037cc                oled_clearScreen
 .text.oled_putChar
                0x00003840       0xf0 C:\Users\UNKNOWN\Documents\LPCXpresso_6.1.4_194\workspace\Lib_EaBaseBoard\Debug\libLib_EaBaseBoard.a(oled.o)
                0x00003840                oled_putChar
 .text.oled_putString
                0x00003930       0x54 C:\Users\UNKNOWN\Documents\LPCXpresso_6.1.4_194\workspace\Lib_EaBaseBoard\Debug\libLib_EaBaseBoard.a(oled.o)
                0x00003930                oled_putString
 .text.GPIO_GetPointer
                0x00003984       0x7c C:\Users\UNKNOWN\Documents\LPCXpresso_6.1.4_194\workspace\Lib_MCU\Debug\libLib_MCU.a(lpc17xx_gpio.o)
 .text.GPIO_SetDir
                0x00003a00       0x54 C:\Users\UNKNOWN\Documents\LPCXpresso_6.1.4_194\workspace\Lib_MCU\Debug\libLib_MCU.a(lpc17xx_gpio.o)
                0x00003a00                GPIO_SetDir
 .text.GPIO_SetValue
                0x00003a54       0x2c C:\Users\UNKNOWN\Documents\LPCXpresso_6.1.4_194\workspace\Lib_MCU\Debug\libLib_MCU.a(lpc17xx_gpio.o)
                0x00003a54                GPIO_SetValue
 .text.GPIO_ClearValue
                0x00003a80       0x2c C:\Users\UNKNOWN\Documents\LPCXpresso_6.1.4_194\workspace\Lib_MCU\Debug\libLib_MCU.a(lpc17xx_gpio.o)
                0x00003a80                GPIO_ClearValue
 .text.NVIC_EnableIRQ
                0x00003aac       0x38 C:\Users\UNKNOWN\Documents\LPCXpresso_6.1.4_194\workspace\Lib_MCU\Debug\libLib_MCU.a(lpc17xx_i2c.o)
 .text.NVIC_DisableIRQ
                0x00003ae4       0x3c C:\Users\UNKNOWN\Documents\LPCXpresso_6.1.4_194\workspace\Lib_MCU\Debug\libLib_MCU.a(lpc17xx_i2c.o)
 .text.I2C_getNum
                0x00003b20       0x54 C:\Users\UNKNOWN\Documents\LPCXpresso_6.1.4_194\workspace\Lib_MCU\Debug\libLib_MCU.a(lpc17xx_i2c.o)
 .text.I2C_Start
                0x00003b74       0x44 C:\Users\UNKNOWN\Documents\LPCXpresso_6.1.4_194\workspace\Lib_MCU\Debug\libLib_MCU.a(lpc17xx_i2c.o)
 .text.I2C_Stop
                0x00003bb8       0x38 C:\Users\UNKNOWN\Documents\LPCXpresso_6.1.4_194\workspace\Lib_MCU\Debug\libLib_MCU.a(lpc17xx_i2c.o)
 .text.I2C_SendByte
                0x00003bf0       0x50 C:\Users\UNKNOWN\Documents\LPCXpresso_6.1.4_194\workspace\Lib_MCU\Debug\libLib_MCU.a(lpc17xx_i2c.o)
 .text.I2C_GetByte
                0x00003c40       0x5c C:\Users\UNKNOWN\Documents\LPCXpresso_6.1.4_194\workspace\Lib_MCU\Debug\libLib_MCU.a(lpc17xx_i2c.o)
 .text.I2C_IntCmd
                0x00003c9c       0xa8 C:\Users\UNKNOWN\Documents\LPCXpresso_6.1.4_194\workspace\Lib_MCU\Debug\libLib_MCU.a(lpc17xx_i2c.o)
                0x00003c9c                I2C_IntCmd
 .text.I2C_MasterHandler
                0x00003d44      0x408 C:\Users\UNKNOWN\Documents\LPCXpresso_6.1.4_194\workspace\Lib_MCU\Debug\libLib_MCU.a(lpc17xx_i2c.o)
                0x00003d44                I2C_MasterHandler
 .text.I2C_SetClock
                0x0000414c       0xc8 C:\Users\UNKNOWN\Documents\LPCXpresso_6.1.4_194\workspace\Lib_MCU\Debug\libLib_MCU.a(lpc17xx_i2c.o)
                0x0000414c                I2C_SetClock
 .text.I2C_Init
                0x00004214       0xd8 C:\Users\UNKNOWN\Documents\LPCXpresso_6.1.4_194\workspace\Lib_MCU\Debug\libLib_MCU.a(lpc17xx_i2c.o)
                0x00004214                I2C_Init
 .text.I2C_Cmd  0x000042ec       0x84 C:\Users\UNKNOWN\Documents\LPCXpresso_6.1.4_194\workspace\Lib_MCU\Debug\libLib_MCU.a(lpc17xx_i2c.o)
                0x000042ec                I2C_Cmd
 .text.I2C_MasterTransferData
                0x00004370      0x390 C:\Users\UNKNOWN\Documents\LPCXpresso_6.1.4_194\workspace\Lib_MCU\Debug\libLib_MCU.a(lpc17xx_i2c.o)
                0x00004370                I2C_MasterTransferData
 .text.check_failed
                0x00004700        0xc C:\Users\UNKNOWN\Documents\LPCXpresso_6.1.4_194\workspace\Lib_MCU\Debug\libLib_MCU.a(lpc17xx_libcfg_default.o)
                0x00004700                check_failed
 .text.PINSEL_SetPinFunc
                0x0000470c       0x9c C:\Users\UNKNOWN\Documents\LPCXpresso_6.1.4_194\workspace\Lib_MCU\Debug\libLib_MCU.a(lpc17xx_pinsel.o)
                0x0000470c                PINSEL_SetPinFunc
 .text.PINSEL_SetResistorMode
                0x000047a8       0x9c C:\Users\UNKNOWN\Documents\LPCXpresso_6.1.4_194\workspace\Lib_MCU\Debug\libLib_MCU.a(lpc17xx_pinsel.o)
                0x000047a8                PINSEL_SetResistorMode
 .text.PINSEL_SetOpenDrainMode
                0x00004844       0x7c C:\Users\UNKNOWN\Documents\LPCXpresso_6.1.4_194\workspace\Lib_MCU\Debug\libLib_MCU.a(lpc17xx_pinsel.o)
                0x00004844                PINSEL_SetOpenDrainMode
 .text.PINSEL_ConfigPin
                0x000048c0       0x54 C:\Users\UNKNOWN\Documents\LPCXpresso_6.1.4_194\workspace\Lib_MCU\Debug\libLib_MCU.a(lpc17xx_pinsel.o)
                0x000048c0                PINSEL_ConfigPin
 .text.SSP_getNum
                0x00004914       0x40 C:\Users\UNKNOWN\Documents\LPCXpresso_6.1.4_194\workspace\Lib_MCU\Debug\libLib_MCU.a(lpc17xx_ssp.o)
 .text.SSP_IntHandler
                0x00004954      0x338 C:\Users\UNKNOWN\Documents\LPCXpresso_6.1.4_194\workspace\Lib_MCU\Debug\libLib_MCU.a(lpc17xx_ssp.o)
                0x00004954                SSP_IntHandler
 .text.SSP_SetClock
                0x00004c8c       0xf8 C:\Users\UNKNOWN\Documents\LPCXpresso_6.1.4_194\workspace\Lib_MCU\Debug\libLib_MCU.a(lpc17xx_ssp.o)
                0x00004c8c                SSP_SetClock
 .text.SSP_Init
                0x00004d84      0x10c C:\Users\UNKNOWN\Documents\LPCXpresso_6.1.4_194\workspace\Lib_MCU\Debug\libLib_MCU.a(lpc17xx_ssp.o)
                0x00004d84                SSP_Init
 .text.SSP_ConfigStructInit
                0x00004e90       0x48 C:\Users\UNKNOWN\Documents\LPCXpresso_6.1.4_194\workspace\Lib_MCU\Debug\libLib_MCU.a(lpc17xx_ssp.o)
                0x00004e90                SSP_ConfigStructInit
 .text.SSP_Cmd  0x00004ed8       0x7c C:\Users\UNKNOWN\Documents\LPCXpresso_6.1.4_194\workspace\Lib_MCU\Debug\libLib_MCU.a(lpc17xx_ssp.o)
                0x00004ed8                SSP_Cmd
 .text.SSP_SendData
                0x00004f54       0x48 C:\Users\UNKNOWN\Documents\LPCXpresso_6.1.4_194\workspace\Lib_MCU\Debug\libLib_MCU.a(lpc17xx_ssp.o)
                0x00004f54                SSP_SendData
 .text.SSP_ReceiveData
                0x00004f9c       0x44 C:\Users\UNKNOWN\Documents\LPCXpresso_6.1.4_194\workspace\Lib_MCU\Debug\libLib_MCU.a(lpc17xx_ssp.o)
                0x00004f9c                SSP_ReceiveData
 .text.SSP_ReadWrite
                0x00004fe0      0x440 C:\Users\UNKNOWN\Documents\LPCXpresso_6.1.4_194\workspace\Lib_MCU\Debug\libLib_MCU.a(lpc17xx_ssp.o)
                0x00004fe0                SSP_ReadWrite
 .text.CLKPWR_SetPCLKDiv
                0x00005420       0xcc C:\Users\UNKNOWN\Documents\LPCXpresso_6.1.4_194\workspace\Lib_MCU\Debug\libLib_MCU.a(lpc17xx_clkpwr.o)
                0x00005420                CLKPWR_SetPCLKDiv
 .text.CLKPWR_GetPCLKSEL
                0x000054ec       0x54 C:\Users\UNKNOWN\Documents\LPCXpresso_6.1.4_194\workspace\Lib_MCU\Debug\libLib_MCU.a(lpc17xx_clkpwr.o)
                0x000054ec                CLKPWR_GetPCLKSEL
 .text.CLKPWR_GetPCLK
                0x00005540       0x74 C:\Users\UNKNOWN\Documents\LPCXpresso_6.1.4_194\workspace\Lib_MCU\Debug\libLib_MCU.a(lpc17xx_clkpwr.o)
                0x00005540                CLKPWR_GetPCLK
 .text.CLKPWR_ConfigPPWR
                0x000055b4       0x78 C:\Users\UNKNOWN\Documents\LPCXpresso_6.1.4_194\workspace\Lib_MCU\Debug\libLib_MCU.a(lpc17xx_clkpwr.o)
                0x000055b4                CLKPWR_ConfigPPWR
 .text          0x0000562c      0x370 c:/nxp/lpcxpresso_6.1.4_194/lpcxpresso/tools/bin/../lib/gcc/arm-none-eabi/4.6.2/armv7-m\libgcc.a(_arm_addsubdf3.o)
                0x0000562c                __aeabi_drsub
                0x00005634                __aeabi_dsub
                0x00005634                __subdf3
                0x00005638                __aeabi_dadd
                0x00005638                __adddf3
                0x000058b0                __floatunsidf
                0x000058b0                __aeabi_ui2d
                0x000058d0                __floatsidf
                0x000058d0                __aeabi_i2d
                0x000058f4                __aeabi_f2d
                0x000058f4                __extendsfdf2
                0x00005930                __floatundidf
                0x00005930                __aeabi_ul2d
                0x00005940                __floatdidf
                0x00005940                __aeabi_l2d
 .text          0x0000599c      0x424 c:/nxp/lpcxpresso_6.1.4_194/lpcxpresso/tools/bin/../lib/gcc/arm-none-eabi/4.6.2/armv7-m\libgcc.a(_arm_muldivdf3.o)
                0x0000599c                __aeabi_dmul
                0x0000599c                __muldf3
                0x00005bf0                __divdf3
                0x00005bf0                __aeabi_ddiv
 .text          0x00005dc0       0x50 c:/nxp/lpcxpresso_6.1.4_194/lpcxpresso/tools/bin/../lib/gcc/arm-none-eabi/4.6.2/armv7-m\libgcc.a(_arm_fixdfsi.o)
                0x00005dc0                __aeabi_d2iz
                0x00005dc0                __fixdfsi
 .text          0x00005e10       0x40 c:/nxp/lpcxpresso_6.1.4_194/lpcxpresso/tools/bin/../lib/gcc/arm-none-eabi/4.6.2/armv7-m\libgcc.a(_arm_fixunsdfsi.o)
                0x00005e10                __aeabi_d2uiz
                0x00005e10                __fixunsdfsi
 .text          0x00005e50       0x2c c:/nxp/lpcxpresso_6.1.4_194/lpcxpresso/tools/bin/../lib/gcc/arm-none-eabi/4.6.2/armv7-m\libgcc.a(_aeabi_uldivmod.o)
                0x00005e50                __aeabi_uldivmod
 .text          0x00005e7c       0x5c c:/nxp/lpcxpresso_6.1.4_194/lpcxpresso/tools/bin/../lib/gcc/arm-none-eabi/4.6.2/armv7-m\libgcc.a(bpabi.o)
                0x00005e7c                __gnu_ldivmod_helper
                0x00005eac                __gnu_uldivmod_helper
 .text          0x00005ed8        0x4 c:/nxp/lpcxpresso_6.1.4_194/lpcxpresso/tools/bin/../lib/gcc/arm-none-eabi/4.6.2/armv7-m\libgcc.a(_dvmd_tls.o)
                0x00005ed8                __aeabi_idiv0
                0x00005ed8                __aeabi_ldiv0
 .text          0x00005edc      0x2c8 c:/nxp/lpcxpresso_6.1.4_194/lpcxpresso/tools/bin/../lib/gcc/arm-none-eabi/4.6.2/armv7-m\libgcc.a(_divdi3.o)
                0x00005edc                __divdi3
 .text          0x000061a4      0x298 c:/nxp/lpcxpresso_6.1.4_194/lpcxpresso/tools/bin/../lib/gcc/arm-none-eabi/4.6.2/armv7-m\libgcc.a(_udivdi3.o)
                0x000061a4                __udivdi3
 .text.memcmp   0x0000643c       0x60 c:/nxp/lpcxpresso_6.1.4_194/lpcxpresso/tools/bin/../lib/gcc/arm-none-eabi/4.6.2/../../../../arm-none-eabi/lib/armv7-m\libc.a(lib_a-memcmp.o)
                0x0000643c                memcmp
 .text.memcpy   0x0000649c       0x84 c:/nxp/lpcxpresso_6.1.4_194/lpcxpresso/tools/bin/../lib/gcc/arm-none-eabi/4.6.2/../../../../arm-none-eabi/lib/armv7-m\libc.a(lib_a-memcpy.o)
                0x0000649c                memcpy
 .text.memset   0x00006520       0x90 c:/nxp/lpcxpresso_6.1.4_194/lpcxpresso/tools/bin/../lib/gcc/arm-none-eabi/4.6.2/../../../../arm-none-eabi/lib/armv7-m\libc.a(lib_a-memset.o)
                0x00006520                memset
 .text.sprintf  0x000065b0       0x50 c:/nxp/lpcxpresso_6.1.4_194/lpcxpresso/tools/bin/../lib/gcc/arm-none-eabi/4.6.2/../../../../arm-none-eabi/lib/armv7-m\libc.a(lib_a-sprintf.o)
                0x000065b0                sprintf
 .text._svfprintf_r
                0x00006600     0x1408 c:/nxp/lpcxpresso_6.1.4_194/lpcxpresso/tools/bin/../lib/gcc/arm-none-eabi/4.6.2/../../../../arm-none-eabi/lib/armv7-m\libc.a(lib_a-svfprintf.o)
                0x00006600                _svfprintf_r
 .text.quorem   0x00007a08      0x150 c:/nxp/lpcxpresso_6.1.4_194/lpcxpresso/tools/bin/../lib/gcc/arm-none-eabi/4.6.2/../../../../arm-none-eabi/lib/armv7-m\libc.a(lib_a-dtoa.o)
 .text._dtoa_r  0x00007b58      0xe60 c:/nxp/lpcxpresso_6.1.4_194/lpcxpresso/tools/bin/../lib/gcc/arm-none-eabi/4.6.2/../../../../arm-none-eabi/lib/armv7-m\libc.a(lib_a-dtoa.o)
                0x00007b58                _dtoa_r
 .text._localeconv_r
                0x000089b8        0xc c:/nxp/lpcxpresso_6.1.4_194/lpcxpresso/tools/bin/../lib/gcc/arm-none-eabi/4.6.2/../../../../arm-none-eabi/lib/armv7-m\libc.a(lib_a-locale.o)
                0x000089b8                _localeconv_r
 .text._malloc_r
                0x000089c4      0x528 c:/nxp/lpcxpresso_6.1.4_194/lpcxpresso/tools/bin/../lib/gcc/arm-none-eabi/4.6.2/../../../../arm-none-eabi/lib/armv7-m\libc.a(lib_a-mallocr.o)
                0x000089c4                _malloc_r
 .text.memchr   0x00008eec       0x84 c:/nxp/lpcxpresso_6.1.4_194/lpcxpresso/tools/bin/../lib/gcc/arm-none-eabi/4.6.2/../../../../arm-none-eabi/lib/armv7-m\libc.a(lib_a-memchr.o)
                0x00008eec                memchr
 .text.__malloc_lock
                0x00008f70        0x4 c:/nxp/lpcxpresso_6.1.4_194/lpcxpresso/tools/bin/../lib/gcc/arm-none-eabi/4.6.2/../../../../arm-none-eabi/lib/armv7-m\libc.a(lib_a-mlock.o)
                0x00008f70                __malloc_lock
 .text.__malloc_unlock
                0x00008f74        0x4 c:/nxp/lpcxpresso_6.1.4_194/lpcxpresso/tools/bin/../lib/gcc/arm-none-eabi/4.6.2/../../../../arm-none-eabi/lib/armv7-m\libc.a(lib_a-mlock.o)
                0x00008f74                __malloc_unlock
 .text._Balloc  0x00008f78       0x4c c:/nxp/lpcxpresso_6.1.4_194/lpcxpresso/tools/bin/../lib/gcc/arm-none-eabi/4.6.2/../../../../arm-none-eabi/lib/armv7-m\libc.a(lib_a-mprec.o)
                0x00008f78                _Balloc
 .text._Bfree   0x00008fc4       0x14 c:/nxp/lpcxpresso_6.1.4_194/lpcxpresso/tools/bin/../lib/gcc/arm-none-eabi/4.6.2/../../../../arm-none-eabi/lib/armv7-m\libc.a(lib_a-mprec.o)
                0x00008fc4                _Bfree
 .text.__multadd
                0x00008fd8       0x84 c:/nxp/lpcxpresso_6.1.4_194/lpcxpresso/tools/bin/../lib/gcc/arm-none-eabi/4.6.2/../../../../arm-none-eabi/lib/armv7-m\libc.a(lib_a-mprec.o)
                0x00008fd8                __multadd
 .text.__hi0bits
                0x0000905c       0x3c c:/nxp/lpcxpresso_6.1.4_194/lpcxpresso/tools/bin/../lib/gcc/arm-none-eabi/4.6.2/../../../../arm-none-eabi/lib/armv7-m\libc.a(lib_a-mprec.o)
                0x0000905c                __hi0bits
 .text.__lo0bits
                0x00009098       0x5c c:/nxp/lpcxpresso_6.1.4_194/lpcxpresso/tools/bin/../lib/gcc/arm-none-eabi/4.6.2/../../../../arm-none-eabi/lib/armv7-m\libc.a(lib_a-mprec.o)
                0x00009098                __lo0bits
 .text.__i2b    0x000090f4       0x14 c:/nxp/lpcxpresso_6.1.4_194/lpcxpresso/tools/bin/../lib/gcc/arm-none-eabi/4.6.2/../../../../arm-none-eabi/lib/armv7-m\libc.a(lib_a-mprec.o)
                0x000090f4                __i2b
 .text.__multiply
                0x00009108      0x144 c:/nxp/lpcxpresso_6.1.4_194/lpcxpresso/tools/bin/../lib/gcc/arm-none-eabi/4.6.2/../../../../arm-none-eabi/lib/armv7-m\libc.a(lib_a-mprec.o)
                0x00009108                __multiply
 .text.__pow5mult
                0x0000924c       0x98 c:/nxp/lpcxpresso_6.1.4_194/lpcxpresso/tools/bin/../lib/gcc/arm-none-eabi/4.6.2/../../../../arm-none-eabi/lib/armv7-m\libc.a(lib_a-mprec.o)
                0x0000924c                __pow5mult
 .text.__lshift
                0x000092e4       0xc0 c:/nxp/lpcxpresso_6.1.4_194/lpcxpresso/tools/bin/../lib/gcc/arm-none-eabi/4.6.2/../../../../arm-none-eabi/lib/armv7-m\libc.a(lib_a-mprec.o)
                0x000092e4                __lshift
 .text.__mcmp   0x000093a4       0x3c c:/nxp/lpcxpresso_6.1.4_194/lpcxpresso/tools/bin/../lib/gcc/arm-none-eabi/4.6.2/../../../../arm-none-eabi/lib/armv7-m\libc.a(lib_a-mprec.o)
                0x000093a4                __mcmp
 .text.__mdiff  0x000093e0       0xd8 c:/nxp/lpcxpresso_6.1.4_194/lpcxpresso/tools/bin/../lib/gcc/arm-none-eabi/4.6.2/../../../../arm-none-eabi/lib/armv7-m\libc.a(lib_a-mprec.o)
                0x000093e0                __mdiff
 .text.__d2b    0x000094b8       0xcc c:/nxp/lpcxpresso_6.1.4_194/lpcxpresso/tools/bin/../lib/gcc/arm-none-eabi/4.6.2/../../../../arm-none-eabi/lib/armv7-m\libc.a(lib_a-mprec.o)
                0x000094b8                __d2b
 .text.__fpclassifyd
                0x00009584       0x68 c:/nxp/lpcxpresso_6.1.4_194/lpcxpresso/tools/bin/../lib/gcc/arm-none-eabi/4.6.2/../../../../arm-none-eabi/lib/armv7-m\libc.a(lib_a-s_fpclassify.o)
                0x00009584                __fpclassifyd
 .text._sbrk_r  0x000095ec       0x24 c:/nxp/lpcxpresso_6.1.4_194/lpcxpresso/tools/bin/../lib/gcc/arm-none-eabi/4.6.2/../../../../arm-none-eabi/lib/armv7-m\libc.a(lib_a-sbrkr.o)
                0x000095ec                _sbrk_r
 .text.strlen   0x00009610       0x60 c:/nxp/lpcxpresso_6.1.4_194/lpcxpresso/tools/bin/../lib/gcc/arm-none-eabi/4.6.2/../../../../arm-none-eabi/lib/armv7-m\libc.a(lib_a-strlen.o)
                0x00009610                strlen
 .text.__ssprint_r
                0x00009670       0xf8 c:/nxp/lpcxpresso_6.1.4_194/lpcxpresso/tools/bin/../lib/gcc/arm-none-eabi/4.6.2/../../../../arm-none-eabi/lib/armv7-m\libc.a(lib_a-svfiprintf.o)
                0x00009670                __ssprint_r
 .text._calloc_r
                0x00009768       0x60 c:/nxp/lpcxpresso_6.1.4_194/lpcxpresso/tools/bin/../lib/gcc/arm-none-eabi/4.6.2/../../../../arm-none-eabi/lib/armv7-m\libc.a(lib_a-callocr.o)
                0x00009768                _calloc_r
 .text._malloc_trim_r
                0x000097c8       0xa0 c:/nxp/lpcxpresso_6.1.4_194/lpcxpresso/tools/bin/../lib/gcc/arm-none-eabi/4.6.2/../../../../arm-none-eabi/lib/armv7-m\libc.a(lib_a-freer.o)
                0x000097c8                _malloc_trim_r
 .text._free_r  0x00009868      0x190 c:/nxp/lpcxpresso_6.1.4_194/lpcxpresso/tools/bin/../lib/gcc/arm-none-eabi/4.6.2/../../../../arm-none-eabi/lib/armv7-m\libc.a(lib_a-freer.o)
                0x00009868                _free_r
 .text.memmove  0x000099f8       0xb0 c:/nxp/lpcxpresso_6.1.4_194/lpcxpresso/tools/bin/../lib/gcc/arm-none-eabi/4.6.2/../../../../arm-none-eabi/lib/armv7-m\libc.a(lib_a-memmove.o)
                0x000099f8                memmove
 .text._realloc_r
                0x00009aa8      0x3f4 c:/nxp/lpcxpresso_6.1.4_194/lpcxpresso/tools/bin/../lib/gcc/arm-none-eabi/4.6.2/../../../../arm-none-eabi/lib/armv7-m\libc.a(lib_a-reallocr.o)
                0x00009aa8                _realloc_r
 .text._sbrk    0x00009e9c       0x3c c:/nxp/lpcxpresso_6.1.4_194/lpcxpresso/tools/bin/../lib/gcc/arm-none-eabi/4.6.2/../../../../arm-none-eabi/lib/armv7-m\libcr_newlib_semihost.a(_cr_sbrk.o)
                0x00009e9c                _sbrk
 .text.__check_heap_overflow
                0x00009ed8       0x2c c:/nxp/lpcxpresso_6.1.4_194/lpcxpresso/tools/bin/../lib/gcc/arm-none-eabi/4.6.2/../../../../arm-none-eabi/lib/armv7-m\libcr_newlib_semihost.a(_cr_check_heap.o)
                0x00009ed8                __check_heap_overflow
 .text          0x00009f04      0x110 c:/nxp/lpcxpresso_6.1.4_194/lpcxpresso/tools/bin/../lib/gcc/arm-none-eabi/4.6.2/armv7-m\libgcc.a(_arm_cmpdf2.o)
                0x00009f04                __gtdf2
                0x00009f04                __gedf2
                0x00009f0c                __ltdf2
                0x00009f0c                __ledf2
                0x00009f14                __nedf2
                0x00009f14                __eqdf2
                0x00009f14                __cmpdf2
                0x00009f90                __aeabi_cdrcmple
                0x00009fa0                __aeabi_cdcmpeq
                0x00009fa0                __aeabi_cdcmple
                0x00009fb0                __aeabi_dcmpeq
                0x00009fc4                __aeabi_dcmplt
                0x00009fd8                __aeabi_dcmple
                0x00009fec                __aeabi_dcmpge
                0x0000a000                __aeabi_dcmpgt
 .text.__errno  0x0000a014        0xc c:/nxp/lpcxpresso_6.1.4_194/lpcxpresso/tools/bin/../lib/gcc/arm-none-eabi/4.6.2/../../../../arm-none-eabi/lib/armv7-m\libc.a(lib_a-errno.o)
                0x0000a014                __errno
 *(.rodata .rodata.* .constdata .constdata.*)
 .rodata        0x0000a020      0x38c ./src/easyweb.o
                0x0000a020                GetResponse
                0x0000a050                MyIP
                0x0000a054                SubnetMask
                0x0000a058                GatewayIP
                0x0000a05c                WebSide
 .rodata        0x0000a3ac        0x8 ./src/tcpip.o
                0x0000a3ac                MyMAC
 .rodata        0x0000a3b4        0x8 C:\Users\UNKNOWN\Documents\LPCXpresso_6.1.4_194\workspace\Lib_EaBaseBoard\Debug\libLib_EaBaseBoard.a(oled.o)
 .rodata        0x0000a3bc      0x300 C:\Users\UNKNOWN\Documents\LPCXpresso_6.1.4_194\workspace\Lib_EaBaseBoard\Debug\libLib_EaBaseBoard.a(font5x7.o)
                0x0000a3bc                font5x7
 .rodata        0x0000a6bc       0x18 C:\Users\UNKNOWN\Documents\LPCXpresso_6.1.4_194\workspace\Lib_MCU\Debug\libLib_MCU.a(lpc17xx_i2c.o)
 .rodata        0x0000a6d4       0x18 C:\Users\UNKNOWN\Documents\LPCXpresso_6.1.4_194\workspace\Lib_MCU\Debug\libLib_MCU.a(lpc17xx_ssp.o)
 .rodata.zeroes.6590
                0x0000a6ec       0x10 c:/nxp/lpcxpresso_6.1.4_194/lpcxpresso/tools/bin/../lib/gcc/arm-none-eabi/4.6.2/../../../../arm-none-eabi/lib/armv7-m\libc.a(lib_a-svfprintf.o)
 .rodata.str1.4
                0x0000a6fc       0x42 c:/nxp/lpcxpresso_6.1.4_194/lpcxpresso/tools/bin/../lib/gcc/arm-none-eabi/4.6.2/../../../../arm-none-eabi/lib/armv7-m\libc.a(lib_a-svfprintf.o)
                                 0x44 (size before relaxing)
 *fill*         0x0000a73e        0x2 00
 .rodata.blanks.6589
                0x0000a740       0x10 c:/nxp/lpcxpresso_6.1.4_194/lpcxpresso/tools/bin/../lib/gcc/arm-none-eabi/4.6.2/../../../../arm-none-eabi/lib/armv7-m\libc.a(lib_a-svfprintf.o)
 .rodata.str1.4
                0x0000a750       0x10 c:/nxp/lpcxpresso_6.1.4_194/lpcxpresso/tools/bin/../lib/gcc/arm-none-eabi/4.6.2/../../../../arm-none-eabi/lib/armv7-m\libc.a(lib_a-dtoa.o)
                                 0x14 (size before relaxing)
 .rodata.str1.4
                0x0000a760        0x2 c:/nxp/lpcxpresso_6.1.4_194/lpcxpresso/tools/bin/../lib/gcc/arm-none-eabi/4.6.2/../../../../arm-none-eabi/lib/armv7-m\libc.a(lib_a-impure.o)
                                  0x4 (size before relaxing)
 *fill*         0x0000a762        0x2 00
 .rodata.str1.4
                0x0000a764        0xc c:/nxp/lpcxpresso_6.1.4_194/lpcxpresso/tools/bin/../lib/gcc/arm-none-eabi/4.6.2/../../../../arm-none-eabi/lib/armv7-m\libc.a(lib_a-locale.o)
                                 0x14 (size before relaxing)
 .rodata.__mprec_tens
                0x0000a770       0xc8 c:/nxp/lpcxpresso_6.1.4_194/lpcxpresso/tools/bin/../lib/gcc/arm-none-eabi/4.6.2/../../../../arm-none-eabi/lib/armv7-m\libc.a(lib_a-mprec.o)
                0x0000a770                __mprec_tens
 .rodata.__mprec_bigtens
                0x0000a838       0x28 c:/nxp/lpcxpresso_6.1.4_194/lpcxpresso/tools/bin/../lib/gcc/arm-none-eabi/4.6.2/../../../../arm-none-eabi/lib/armv7-m\libc.a(lib_a-mprec.o)
                0x0000a838                __mprec_bigtens
 .rodata.p05.5111
                0x0000a860        0xc c:/nxp/lpcxpresso_6.1.4_194/lpcxpresso/tools/bin/../lib/gcc/arm-none-eabi/4.6.2/../../../../arm-none-eabi/lib/armv7-m\libc.a(lib_a-mprec.o)
                0x0000a86c                . = ALIGN (0x4)

.glue_7         0x0000a86c        0x0
 .glue_7        0x00000000        0x0 linker stubs

.glue_7t        0x0000a86c        0x0
 .glue_7t       0x00000000        0x0 linker stubs

.vfp11_veneer   0x0000a86c        0x0
 .vfp11_veneer  0x00000000        0x0 linker stubs

.v4_bx          0x0000a86c        0x0
 .v4_bx         0x00000000        0x0 linker stubs

.ARM.extab
 *(.ARM.extab* .gnu.linkonce.armextab.*)
                0x0000a86c                __exidx_start = .

.ARM.exidx      0x0000a86c        0x8
 *(.ARM.exidx* .gnu.linkonce.armexidx.*)
 .ARM.exidx     0x0000a86c        0x8 c:/nxp/lpcxpresso_6.1.4_194/lpcxpresso/tools/bin/../lib/gcc/arm-none-eabi/4.6.2/armv7-m\libgcc.a(_divdi3.o)
 .ARM.exidx     0x0000a874        0x0 c:/nxp/lpcxpresso_6.1.4_194/lpcxpresso/tools/bin/../lib/gcc/arm-none-eabi/4.6.2/armv7-m\libgcc.a(_udivdi3.o)
                                  0x8 (size before relaxing)
                0x0000a874                __exidx_end = .
                0x0000a874                _etext = .

.data_RAM2      0x2007c000        0x0 load address 0x0000a874
 FILL mask 0xff
 *(.data.$RAM2*)
 *(.data.$RamAHB32*)
                0x2007c000                . = ALIGN (0x4)

.uninit_RESERVED
                0x10000000        0x0
 *(.bss.$RESERVED*)
                0x10000000                . = ALIGN (0x4)
                0x10000000                _end_uninit_RESERVED = .

.data           0x10000000      0x884 load address 0x0000a874
 FILL mask 0xff
                0x10000000                _data = .
 *(vtable)
 *(.data*)
 .data          0x10000000        0x4 C:\Users\UNKNOWN\Documents\LPCXpresso_6.1.4_194\workspace\Lib_CMSISv1p30_LPC17xx\Debug\libLib_CMSISv1p30_LPC17xx.a(system_LPC17xx.o)
                0x10000000                SystemCoreClock
 .data          0x10000004        0x8 C:\Users\UNKNOWN\Documents\LPCXpresso_6.1.4_194\workspace\Lib_EaBaseBoard\Debug\libLib_EaBaseBoard.a(light.o)
 *fill*         0x1000000c        0x4 00
 .data.impure_data
                0x10000010      0x428 c:/nxp/lpcxpresso_6.1.4_194/lpcxpresso/tools/bin/../lib/gcc/arm-none-eabi/4.6.2/../../../../arm-none-eabi/lib/armv7-m\libc.a(lib_a-impure.o)
 .data._impure_ptr
                0x10000438        0x4 c:/nxp/lpcxpresso_6.1.4_194/lpcxpresso/tools/bin/../lib/gcc/arm-none-eabi/4.6.2/../../../../arm-none-eabi/lib/armv7-m\libc.a(lib_a-impure.o)
                0x10000438                _impure_ptr
 .data.lconv    0x1000043c       0x38 c:/nxp/lpcxpresso_6.1.4_194/lpcxpresso/tools/bin/../lib/gcc/arm-none-eabi/4.6.2/../../../../arm-none-eabi/lib/armv7-m\libc.a(lib_a-locale.o)
 .data.__malloc_av_
                0x10000474      0x408 c:/nxp/lpcxpresso_6.1.4_194/lpcxpresso/tools/bin/../lib/gcc/arm-none-eabi/4.6.2/../../../../arm-none-eabi/lib/armv7-m\libc.a(lib_a-mallocr.o)
                0x10000474                __malloc_av_
 .data.__malloc_trim_threshold
                0x1000087c        0x4 c:/nxp/lpcxpresso_6.1.4_194/lpcxpresso/tools/bin/../lib/gcc/arm-none-eabi/4.6.2/../../../../arm-none-eabi/lib/armv7-m\libc.a(lib_a-mallocr.o)
                0x1000087c                __malloc_trim_threshold
 .data.__malloc_sbrk_base
                0x10000880        0x4 c:/nxp/lpcxpresso_6.1.4_194/lpcxpresso/tools/bin/../lib/gcc/arm-none-eabi/4.6.2/../../../../arm-none-eabi/lib/armv7-m\libc.a(lib_a-mallocr.o)
                0x10000880                __malloc_sbrk_base
                0x10000884                . = ALIGN (0x4)
                0x10000884                _edata = .

.bss_RAM2       0x2007c000        0x0
 *(.bss.$RAM2*)
 *(.bss.$RamAHB32*)
                0x2007c000                . = ALIGN (0x4)

.bss            0x10000884      0x7cc
                0x10000884                _bss = .
 *(.bss*)
 .bss           0x10000884        0x8 ./src/ethmac.o
 .bss           0x1000088c        0x8 ./src/ew_systick.o
                0x1000088c                TimeTick
                0x10000890                TimeTick2
 .bss           0x10000894      0x300 C:\Users\UNKNOWN\Documents\LPCXpresso_6.1.4_194\workspace\Lib_EaBaseBoard\Debug\libLib_EaBaseBoard.a(oled.o)
 .bss           0x10000b94       0x24 C:\Users\UNKNOWN\Documents\LPCXpresso_6.1.4_194\workspace\Lib_MCU\Debug\libLib_MCU.a(lpc17xx_i2c.o)
 .bss           0x10000bb8       0x18 C:\Users\UNKNOWN\Documents\LPCXpresso_6.1.4_194\workspace\Lib_MCU\Debug\libLib_MCU.a(lpc17xx_ssp.o)
 .bss.__malloc_max_total_mem
                0x10000bd0        0x4 c:/nxp/lpcxpresso_6.1.4_194/lpcxpresso/tools/bin/../lib/gcc/arm-none-eabi/4.6.2/../../../../arm-none-eabi/lib/armv7-m\libc.a(lib_a-mallocr.o)
                0x10000bd0                __malloc_max_total_mem
 .bss.__malloc_max_sbrked_mem
                0x10000bd4        0x4 c:/nxp/lpcxpresso_6.1.4_194/lpcxpresso/tools/bin/../lib/gcc/arm-none-eabi/4.6.2/../../../../arm-none-eabi/lib/armv7-m\libc.a(lib_a-mallocr.o)
                0x10000bd4                __malloc_max_sbrked_mem
 .bss.__malloc_top_pad
                0x10000bd8        0x4 c:/nxp/lpcxpresso_6.1.4_194/lpcxpresso/tools/bin/../lib/gcc/arm-none-eabi/4.6.2/../../../../arm-none-eabi/lib/armv7-m\libc.a(lib_a-mallocr.o)
                0x10000bd8                __malloc_top_pad
 .bss.__malloc_current_mallinfo
                0x10000bdc       0x28 c:/nxp/lpcxpresso_6.1.4_194/lpcxpresso/tools/bin/../lib/gcc/arm-none-eabi/4.6.2/../../../../arm-none-eabi/lib/armv7-m\libc.a(lib_a-mallocr.o)
                0x10000bdc                __malloc_current_mallinfo
 *(COMMON)
 COMMON         0x10000c04      0x442 ./src/easyweb.o
                0x10000c04                TCPTimer
                0x10000c08                HTTPBytesToSend
                0x10000c0c                TCPRxDataCount
                0x10000c10                buff_luz
                0x10000c42                HTTPStatus
                0x10000c44                TCPTxDataCount
                0x10000c48                RecdFrameIP
                0x10000c4c                RemoteMAC
                0x10000c52                TCPStateMachine
                0x10000c54                TCPUNASeqNr
                0x10000c58                TCPLocalPort
                0x10000c5c                _RxTCPBuffer
                0x10000d5c                ITM_RxBuffer
                0x10000d60                TCPFlags
                0x10000d64                RecdFrameMAC
                0x10000d6a                RecdIPFrameLength
                0x10000d6c                PWebSide
                0x10000d70                RemoteIP
                0x10000d74                LastFrameSent
                0x10000d76                TCPRemotePort
                0x10000d78                TxFrame2Size
                0x10000d7c                TCPAckNr
                0x10000d80                TransmitControl
                0x10000d84                buff_luz_p
                0x10000db6                TxFrame1Size
                0x10000db8                ISNGenHigh
                0x10000dbc                _TxFrame2
                0x10000e06                RecdFrameLength
                0x10000e08                _TxFrame1
                0x10001040                TCPSeqNr
                0x10001044                RetryCounter
                0x10001045                SocketStatus
 *fill*         0x10001046        0x2 00
 COMMON         0x10001048        0x4 c:/nxp/lpcxpresso_6.1.4_194/lpcxpresso/tools/bin/../lib/gcc/arm-none-eabi/4.6.2/../../../../arm-none-eabi/lib/armv7-m\libc.a(lib_a-reent.o)
                0x10001048                errno
 COMMON         0x1000104c        0x4 c:/nxp/lpcxpresso_6.1.4_194/lpcxpresso/tools/bin/../lib/gcc/arm-none-eabi/4.6.2/../../../../arm-none-eabi/lib/armv7-m\libcr_newlib_semihost.a(_cr_sbrk.o)
                0x1000104c                __end_of_heap
                0x10001050                . = ALIGN (0x4)
                0x10001050                _ebss = .
                0x10001050                PROVIDE (end, .)

.noinit_RAM2    0x2007c000        0x0
 *(.noinit.$RAM2*)
 *(.noinit.$RamAHB32*)
                0x2007c000                . = ALIGN (0x4)

.noinit         0x10001050        0x0
                0x10001050                _noinit = .
 *(.noinit*)
                0x10001050                . = ALIGN (0x4)
                0x10001050                _end_noinit = .
                0x10001050                PROVIDE (_pvHeapStart, .)
                0x10008000                PROVIDE (_vStackTop, (__top_RamLoc32 - 0x0))
OUTPUT(easyweb.axf elf32-littlearm)

.debug_info     0x00000000     0x709c
 .debug_info    0x00000000      0x209 ./src/cr_startup_lpc17.o
 .debug_info    0x00000209      0x9db ./src/easyweb.o
 .debug_info    0x00000be4      0xbb4 ./src/ethmac.o
 .debug_info    0x00001798      0x8c4 ./src/ew_systick.o
 .debug_info    0x0000205c      0xd64 ./src/tcpip.o
 .debug_info    0x00002dc0      0x357 C:\Users\UNKNOWN\Documents\LPCXpresso_6.1.4_194\workspace\Lib_CMSISv1p30_LPC17xx\Debug\libLib_CMSISv1p30_LPC17xx.a(system_LPC17xx.o)
 .debug_info    0x00003117      0x763 C:\Users\UNKNOWN\Documents\LPCXpresso_6.1.4_194\workspace\Lib_EaBaseBoard\Debug\libLib_EaBaseBoard.a(light.o)
 .debug_info    0x0000387a      0x983 C:\Users\UNKNOWN\Documents\LPCXpresso_6.1.4_194\workspace\Lib_EaBaseBoard\Debug\libLib_EaBaseBoard.a(oled.o)
 .debug_info    0x000041fd       0x65 C:\Users\UNKNOWN\Documents\LPCXpresso_6.1.4_194\workspace\Lib_EaBaseBoard\Debug\libLib_EaBaseBoard.a(font5x7.o)
 .debug_info    0x00004262      0xb95 C:\Users\UNKNOWN\Documents\LPCXpresso_6.1.4_194\workspace\Lib_MCU\Debug\libLib_MCU.a(lpc17xx_gpio.o)
 .debug_info    0x00004df7      0xcc4 C:\Users\UNKNOWN\Documents\LPCXpresso_6.1.4_194\workspace\Lib_MCU\Debug\libLib_MCU.a(lpc17xx_i2c.o)
 .debug_info    0x00005abb       0xcd C:\Users\UNKNOWN\Documents\LPCXpresso_6.1.4_194\workspace\Lib_MCU\Debug\libLib_MCU.a(lpc17xx_libcfg_default.o)
 .debug_info    0x00005b88      0x4b1 C:\Users\UNKNOWN\Documents\LPCXpresso_6.1.4_194\workspace\Lib_MCU\Debug\libLib_MCU.a(lpc17xx_pinsel.o)
 .debug_info    0x00006039      0x867 C:\Users\UNKNOWN\Documents\LPCXpresso_6.1.4_194\workspace\Lib_MCU\Debug\libLib_MCU.a(lpc17xx_ssp.o)
 .debug_info    0x000068a0      0x641 C:\Users\UNKNOWN\Documents\LPCXpresso_6.1.4_194\workspace\Lib_MCU\Debug\libLib_MCU.a(lpc17xx_clkpwr.o)
 .debug_info    0x00006ee1      0x106 c:/nxp/lpcxpresso_6.1.4_194/lpcxpresso/tools/bin/../lib/gcc/arm-none-eabi/4.6.2/../../../../arm-none-eabi/lib/armv7-m\libcr_newlib_semihost.a(_cr_sbrk.o)
 .debug_info    0x00006fe7       0xb5 c:/nxp/lpcxpresso_6.1.4_194/lpcxpresso/tools/bin/../lib/gcc/arm-none-eabi/4.6.2/../../../../arm-none-eabi/lib/armv7-m\libcr_newlib_semihost.a(_cr_check_heap.o)

.debug_abbrev   0x00000000     0x16a9
 .debug_abbrev  0x00000000       0xb4 ./src/cr_startup_lpc17.o
 .debug_abbrev  0x000000b4      0x241 ./src/easyweb.o
 .debug_abbrev  0x000002f5      0x1b7 ./src/ethmac.o
 .debug_abbrev  0x000004ac      0x199 ./src/ew_systick.o
 .debug_abbrev  0x00000645      0x1f9 ./src/tcpip.o
 .debug_abbrev  0x0000083e       0xce C:\Users\UNKNOWN\Documents\LPCXpresso_6.1.4_194\workspace\Lib_CMSISv1p30_LPC17xx\Debug\libLib_CMSISv1p30_LPC17xx.a(system_LPC17xx.o)
 .debug_abbrev  0x0000090c      0x1bd C:\Users\UNKNOWN\Documents\LPCXpresso_6.1.4_194\workspace\Lib_EaBaseBoard\Debug\libLib_EaBaseBoard.a(light.o)
 .debug_abbrev  0x00000ac9      0x1f1 C:\Users\UNKNOWN\Documents\LPCXpresso_6.1.4_194\workspace\Lib_EaBaseBoard\Debug\libLib_EaBaseBoard.a(oled.o)
 .debug_abbrev  0x00000cba       0x4b C:\Users\UNKNOWN\Documents\LPCXpresso_6.1.4_194\workspace\Lib_EaBaseBoard\Debug\libLib_EaBaseBoard.a(font5x7.o)
 .debug_abbrev  0x00000d05      0x185 C:\Users\UNKNOWN\Documents\LPCXpresso_6.1.4_194\workspace\Lib_MCU\Debug\libLib_MCU.a(lpc17xx_gpio.o)
 .debug_abbrev  0x00000e8a      0x24a C:\Users\UNKNOWN\Documents\LPCXpresso_6.1.4_194\workspace\Lib_MCU\Debug\libLib_MCU.a(lpc17xx_i2c.o)
 .debug_abbrev  0x000010d4       0x6a C:\Users\UNKNOWN\Documents\LPCXpresso_6.1.4_194\workspace\Lib_MCU\Debug\libLib_MCU.a(lpc17xx_libcfg_default.o)
 .debug_abbrev  0x0000113e      0x10a C:\Users\UNKNOWN\Documents\LPCXpresso_6.1.4_194\workspace\Lib_MCU\Debug\libLib_MCU.a(lpc17xx_pinsel.o)
 .debug_abbrev  0x00001248      0x1d3 C:\Users\UNKNOWN\Documents\LPCXpresso_6.1.4_194\workspace\Lib_MCU\Debug\libLib_MCU.a(lpc17xx_ssp.o)
 .debug_abbrev  0x0000141b      0x174 C:\Users\UNKNOWN\Documents\LPCXpresso_6.1.4_194\workspace\Lib_MCU\Debug\libLib_MCU.a(lpc17xx_clkpwr.o)
 .debug_abbrev  0x0000158f       0xa8 c:/nxp/lpcxpresso_6.1.4_194/lpcxpresso/tools/bin/../lib/gcc/arm-none-eabi/4.6.2/../../../../arm-none-eabi/lib/armv7-m\libcr_newlib_semihost.a(_cr_sbrk.o)
 .debug_abbrev  0x00001637       0x72 c:/nxp/lpcxpresso_6.1.4_194/lpcxpresso/tools/bin/../lib/gcc/arm-none-eabi/4.6.2/../../../../arm-none-eabi/lib/armv7-m\libcr_newlib_semihost.a(_cr_check_heap.o)

.debug_loc      0x00000000     0x25f2
 .debug_loc     0x00000000      0x1f0 ./src/cr_startup_lpc17.o
 .debug_loc     0x000001f0      0x1d6 ./src/easyweb.o
 .debug_loc     0x000003c6      0x2ec ./src/ethmac.o
 .debug_loc     0x000006b2       0xc8 ./src/ew_systick.o
 .debug_loc     0x0000077a      0x5ac ./src/tcpip.o
 .debug_loc     0x00000d26       0x58 C:\Users\UNKNOWN\Documents\LPCXpresso_6.1.4_194\workspace\Lib_CMSISv1p30_LPC17xx\Debug\libLib_CMSISv1p30_LPC17xx.a(system_LPC17xx.o)
 .debug_loc     0x00000d7e      0x378 C:\Users\UNKNOWN\Documents\LPCXpresso_6.1.4_194\workspace\Lib_EaBaseBoard\Debug\libLib_EaBaseBoard.a(light.o)
 .debug_loc     0x000010f6      0x33e C:\Users\UNKNOWN\Documents\LPCXpresso_6.1.4_194\workspace\Lib_EaBaseBoard\Debug\libLib_EaBaseBoard.a(oled.o)
 .debug_loc     0x00001434      0x4d0 C:\Users\UNKNOWN\Documents\LPCXpresso_6.1.4_194\workspace\Lib_MCU\Debug\libLib_MCU.a(lpc17xx_gpio.o)
 .debug_loc     0x00001904      0x4e4 C:\Users\UNKNOWN\Documents\LPCXpresso_6.1.4_194\workspace\Lib_MCU\Debug\libLib_MCU.a(lpc17xx_i2c.o)
 .debug_loc     0x00001de8       0x38 C:\Users\UNKNOWN\Documents\LPCXpresso_6.1.4_194\workspace\Lib_MCU\Debug\libLib_MCU.a(lpc17xx_libcfg_default.o)
 .debug_loc     0x00001e20      0x150 C:\Users\UNKNOWN\Documents\LPCXpresso_6.1.4_194\workspace\Lib_MCU\Debug\libLib_MCU.a(lpc17xx_pinsel.o)
 .debug_loc     0x00001f70      0x448 C:\Users\UNKNOWN\Documents\LPCXpresso_6.1.4_194\workspace\Lib_MCU\Debug\libLib_MCU.a(lpc17xx_ssp.o)
 .debug_loc     0x000023b8      0x1bc C:\Users\UNKNOWN\Documents\LPCXpresso_6.1.4_194\workspace\Lib_MCU\Debug\libLib_MCU.a(lpc17xx_clkpwr.o)
 .debug_loc     0x00002574       0x55 c:/nxp/lpcxpresso_6.1.4_194/lpcxpresso/tools/bin/../lib/gcc/arm-none-eabi/4.6.2/../../../../arm-none-eabi/lib/armv7-m\libcr_newlib_semihost.a(_cr_sbrk.o)
 .debug_loc     0x000025c9       0x29 c:/nxp/lpcxpresso_6.1.4_194/lpcxpresso/tools/bin/../lib/gcc/arm-none-eabi/4.6.2/../../../../arm-none-eabi/lib/armv7-m\libcr_newlib_semihost.a(_cr_check_heap.o)

.debug_aranges  0x00000000      0x740
 .debug_aranges
                0x00000000       0x70 ./src/cr_startup_lpc17.o
 .debug_aranges
                0x00000070       0x60 ./src/easyweb.o
 .debug_aranges
                0x000000d0       0x88 ./src/ethmac.o
 .debug_aranges
                0x00000158       0x38 ./src/ew_systick.o
 .debug_aranges
                0x00000190      0x108 ./src/tcpip.o
 .debug_aranges
                0x00000298       0x28 C:\Users\UNKNOWN\Documents\LPCXpresso_6.1.4_194\workspace\Lib_CMSISv1p30_LPC17xx\Debug\libLib_CMSISv1p30_LPC17xx.a(system_LPC17xx.o)
 .debug_aranges
                0x000002c0       0x98 C:\Users\UNKNOWN\Documents\LPCXpresso_6.1.4_194\workspace\Lib_EaBaseBoard\Debug\libLib_EaBaseBoard.a(light.o)
 .debug_aranges
                0x00000358       0x90 C:\Users\UNKNOWN\Documents\LPCXpresso_6.1.4_194\workspace\Lib_EaBaseBoard\Debug\libLib_EaBaseBoard.a(oled.o)
 .debug_aranges
                0x000003e8       0xc8 C:\Users\UNKNOWN\Documents\LPCXpresso_6.1.4_194\workspace\Lib_MCU\Debug\libLib_MCU.a(lpc17xx_gpio.o)
 .debug_aranges
                0x000004b0       0xd0 C:\Users\UNKNOWN\Documents\LPCXpresso_6.1.4_194\workspace\Lib_MCU\Debug\libLib_MCU.a(lpc17xx_i2c.o)
 .debug_aranges
                0x00000580       0x20 C:\Users\UNKNOWN\Documents\LPCXpresso_6.1.4_194\workspace\Lib_MCU\Debug\libLib_MCU.a(lpc17xx_libcfg_default.o)
 .debug_aranges
                0x000005a0       0x48 C:\Users\UNKNOWN\Documents\LPCXpresso_6.1.4_194\workspace\Lib_MCU\Debug\libLib_MCU.a(lpc17xx_pinsel.o)
 .debug_aranges
                0x000005e8       0xb8 C:\Users\UNKNOWN\Documents\LPCXpresso_6.1.4_194\workspace\Lib_MCU\Debug\libLib_MCU.a(lpc17xx_ssp.o)
 .debug_aranges
                0x000006a0       0x60 C:\Users\UNKNOWN\Documents\LPCXpresso_6.1.4_194\workspace\Lib_MCU\Debug\libLib_MCU.a(lpc17xx_clkpwr.o)
 .debug_aranges
                0x00000700       0x20 c:/nxp/lpcxpresso_6.1.4_194/lpcxpresso/tools/bin/../lib/gcc/arm-none-eabi/4.6.2/../../../../arm-none-eabi/lib/armv7-m\libcr_newlib_semihost.a(_cr_sbrk.o)
 .debug_aranges
                0x00000720       0x20 c:/nxp/lpcxpresso_6.1.4_194/lpcxpresso/tools/bin/../lib/gcc/arm-none-eabi/4.6.2/../../../../arm-none-eabi/lib/armv7-m\libcr_newlib_semihost.a(_cr_check_heap.o)

.debug_ranges   0x00000000      0x640
 .debug_ranges  0x00000000       0x60 ./src/cr_startup_lpc17.o
 .debug_ranges  0x00000060       0x50 ./src/easyweb.o
 .debug_ranges  0x000000b0       0x78 ./src/ethmac.o
 .debug_ranges  0x00000128       0x28 ./src/ew_systick.o
 .debug_ranges  0x00000150       0xf8 ./src/tcpip.o
 .debug_ranges  0x00000248       0x18 C:\Users\UNKNOWN\Documents\LPCXpresso_6.1.4_194\workspace\Lib_CMSISv1p30_LPC17xx\Debug\libLib_CMSISv1p30_LPC17xx.a(system_LPC17xx.o)
 .debug_ranges  0x00000260       0x88 C:\Users\UNKNOWN\Documents\LPCXpresso_6.1.4_194\workspace\Lib_EaBaseBoard\Debug\libLib_EaBaseBoard.a(light.o)
 .debug_ranges  0x000002e8       0x80 C:\Users\UNKNOWN\Documents\LPCXpresso_6.1.4_194\workspace\Lib_EaBaseBoard\Debug\libLib_EaBaseBoard.a(oled.o)
 .debug_ranges  0x00000368       0xb8 C:\Users\UNKNOWN\Documents\LPCXpresso_6.1.4_194\workspace\Lib_MCU\Debug\libLib_MCU.a(lpc17xx_gpio.o)
 .debug_ranges  0x00000420       0xc0 C:\Users\UNKNOWN\Documents\LPCXpresso_6.1.4_194\workspace\Lib_MCU\Debug\libLib_MCU.a(lpc17xx_i2c.o)
 .debug_ranges  0x000004e0       0x10 C:\Users\UNKNOWN\Documents\LPCXpresso_6.1.4_194\workspace\Lib_MCU\Debug\libLib_MCU.a(lpc17xx_libcfg_default.o)
 .debug_ranges  0x000004f0       0x38 C:\Users\UNKNOWN\Documents\LPCXpresso_6.1.4_194\workspace\Lib_MCU\Debug\libLib_MCU.a(lpc17xx_pinsel.o)
 .debug_ranges  0x00000528       0xa8 C:\Users\UNKNOWN\Documents\LPCXpresso_6.1.4_194\workspace\Lib_MCU\Debug\libLib_MCU.a(lpc17xx_ssp.o)
 .debug_ranges  0x000005d0       0x50 C:\Users\UNKNOWN\Documents\LPCXpresso_6.1.4_194\workspace\Lib_MCU\Debug\libLib_MCU.a(lpc17xx_clkpwr.o)
 .debug_ranges  0x00000620       0x10 c:/nxp/lpcxpresso_6.1.4_194/lpcxpresso/tools/bin/../lib/gcc/arm-none-eabi/4.6.2/../../../../arm-none-eabi/lib/armv7-m\libcr_newlib_semihost.a(_cr_sbrk.o)
 .debug_ranges  0x00000630       0x10 c:/nxp/lpcxpresso_6.1.4_194/lpcxpresso/tools/bin/../lib/gcc/arm-none-eabi/4.6.2/../../../../arm-none-eabi/lib/armv7-m\libcr_newlib_semihost.a(_cr_check_heap.o)

.debug_line     0x00000000     0x5513
 .debug_line    0x00000000      0x375 ./src/cr_startup_lpc17.o
 .debug_line    0x00000375      0x8bd ./src/easyweb.o
 .debug_line    0x00000c32      0x49a ./src/ethmac.o
 .debug_line    0x000010cc      0x2f8 ./src/ew_systick.o
 .debug_line    0x000013c4      0xa2a ./src/tcpip.o
 .debug_line    0x00001dee      0x414 C:\Users\UNKNOWN\Documents\LPCXpresso_6.1.4_194\workspace\Lib_CMSISv1p30_LPC17xx\Debug\libLib_CMSISv1p30_LPC17xx.a(system_LPC17xx.o)
 .debug_line    0x00002202      0x5b5 C:\Users\UNKNOWN\Documents\LPCXpresso_6.1.4_194\workspace\Lib_EaBaseBoard\Debug\libLib_EaBaseBoard.a(light.o)
 .debug_line    0x000027b7      0x78e C:\Users\UNKNOWN\Documents\LPCXpresso_6.1.4_194\workspace\Lib_EaBaseBoard\Debug\libLib_EaBaseBoard.a(oled.o)
 .debug_line    0x00002f45       0x8f C:\Users\UNKNOWN\Documents\LPCXpresso_6.1.4_194\workspace\Lib_EaBaseBoard\Debug\libLib_EaBaseBoard.a(font5x7.o)
 .debug_line    0x00002fd4      0x5f8 C:\Users\UNKNOWN\Documents\LPCXpresso_6.1.4_194\workspace\Lib_MCU\Debug\libLib_MCU.a(lpc17xx_gpio.o)
 .debug_line    0x000035cc      0x913 C:\Users\UNKNOWN\Documents\LPCXpresso_6.1.4_194\workspace\Lib_MCU\Debug\libLib_MCU.a(lpc17xx_i2c.o)
 .debug_line    0x00003edf      0x38b C:\Users\UNKNOWN\Documents\LPCXpresso_6.1.4_194\workspace\Lib_MCU\Debug\libLib_MCU.a(lpc17xx_libcfg_default.o)
 .debug_line    0x0000426a      0x477 C:\Users\UNKNOWN\Documents\LPCXpresso_6.1.4_194\workspace\Lib_MCU\Debug\libLib_MCU.a(lpc17xx_pinsel.o)
 .debug_line    0x000046e1      0x846 C:\Users\UNKNOWN\Documents\LPCXpresso_6.1.4_194\workspace\Lib_MCU\Debug\libLib_MCU.a(lpc17xx_ssp.o)
 .debug_line    0x00004f27      0x4d8 C:\Users\UNKNOWN\Documents\LPCXpresso_6.1.4_194\workspace\Lib_MCU\Debug\libLib_MCU.a(lpc17xx_clkpwr.o)
 .debug_line    0x000053ff       0xc0 c:/nxp/lpcxpresso_6.1.4_194/lpcxpresso/tools/bin/../lib/gcc/arm-none-eabi/4.6.2/../../../../arm-none-eabi/lib/armv7-m\libcr_newlib_semihost.a(_cr_sbrk.o)
 .debug_line    0x000054bf       0x54 c:/nxp/lpcxpresso_6.1.4_194/lpcxpresso/tools/bin/../lib/gcc/arm-none-eabi/4.6.2/../../../../arm-none-eabi/lib/armv7-m\libcr_newlib_semihost.a(_cr_check_heap.o)

.debug_macinfo  0x00000000    0x7d80f
 .debug_macinfo
                0x00000000     0x2c15 ./src/cr_startup_lpc17.o
 .debug_macinfo
                0x00002c15     0xdce5 ./src/easyweb.o
 .debug_macinfo
                0x000108fa     0x93e0 ./src/ethmac.o
 .debug_macinfo
                0x00019cda     0x7009 ./src/ew_systick.o
 .debug_macinfo
                0x00020ce3     0xb154 ./src/tcpip.o
 .debug_macinfo
                0x0002be37     0x83f8 C:\Users\UNKNOWN\Documents\LPCXpresso_6.1.4_194\workspace\Lib_CMSISv1p30_LPC17xx\Debug\libLib_CMSISv1p30_LPC17xx.a(system_LPC17xx.o)
 .debug_macinfo
                0x0003422f     0x8e3a C:\Users\UNKNOWN\Documents\LPCXpresso_6.1.4_194\workspace\Lib_EaBaseBoard\Debug\libLib_EaBaseBoard.a(light.o)
 .debug_macinfo
                0x0003d069     0xa143 C:\Users\UNKNOWN\Documents\LPCXpresso_6.1.4_194\workspace\Lib_EaBaseBoard\Debug\libLib_EaBaseBoard.a(oled.o)
 .debug_macinfo
                0x000471ac     0x332a C:\Users\UNKNOWN\Documents\LPCXpresso_6.1.4_194\workspace\Lib_EaBaseBoard\Debug\libLib_EaBaseBoard.a(font5x7.o)
 .debug_macinfo
                0x0004a4d6     0x86b8 C:\Users\UNKNOWN\Documents\LPCXpresso_6.1.4_194\workspace\Lib_MCU\Debug\libLib_MCU.a(lpc17xx_gpio.o)
 .debug_macinfo
                0x00052b8e     0xa5d8 C:\Users\UNKNOWN\Documents\LPCXpresso_6.1.4_194\workspace\Lib_MCU\Debug\libLib_MCU.a(lpc17xx_i2c.o)
 .debug_macinfo
                0x0005d166     0x400d C:\Users\UNKNOWN\Documents\LPCXpresso_6.1.4_194\workspace\Lib_MCU\Debug\libLib_MCU.a(lpc17xx_libcfg_default.o)
 .debug_macinfo
                0x00061173     0x87d3 C:\Users\UNKNOWN\Documents\LPCXpresso_6.1.4_194\workspace\Lib_MCU\Debug\libLib_MCU.a(lpc17xx_pinsel.o)
 .debug_macinfo
                0x00069946     0xa8d0 C:\Users\UNKNOWN\Documents\LPCXpresso_6.1.4_194\workspace\Lib_MCU\Debug\libLib_MCU.a(lpc17xx_ssp.o)
 .debug_macinfo
                0x00074216     0x95f9 C:\Users\UNKNOWN\Documents\LPCXpresso_6.1.4_194\workspace\Lib_MCU\Debug\libLib_MCU.a(lpc17xx_clkpwr.o)

.debug_str      0x00000000     0x2321
 .debug_str     0x00000000      0x1d3 ./src/cr_startup_lpc17.o
                                0x20d (size before relaxing)
 .debug_str     0x000001d3      0x499 ./src/easyweb.o
                                0x601 (size before relaxing)
 .debug_str     0x0000066c      0x536 ./src/ethmac.o
                                0x6ab (size before relaxing)
 .debug_str     0x00000ba2      0x40c ./src/ew_systick.o
                                0x59b (size before relaxing)
 .debug_str     0x00000fae      0x2b8 ./src/tcpip.o
                                0x783 (size before relaxing)
 .debug_str     0x00001266       0x97 C:\Users\UNKNOWN\Documents\LPCXpresso_6.1.4_194\workspace\Lib_CMSISv1p30_LPC17xx\Debug\libLib_CMSISv1p30_LPC17xx.a(system_LPC17xx.o)
                                0x2a9 (size before relaxing)
 .debug_str     0x000012fd      0x38d C:\Users\UNKNOWN\Documents\LPCXpresso_6.1.4_194\workspace\Lib_EaBaseBoard\Debug\libLib_EaBaseBoard.a(light.o)
                                0x50a (size before relaxing)
 .debug_str     0x0000168a      0x202 C:\Users\UNKNOWN\Documents\LPCXpresso_6.1.4_194\workspace\Lib_EaBaseBoard\Debug\libLib_EaBaseBoard.a(oled.o)
                                0x3d1 (size before relaxing)
 .debug_str     0x0000188c       0x11 C:\Users\UNKNOWN\Documents\LPCXpresso_6.1.4_194\workspace\Lib_EaBaseBoard\Debug\libLib_EaBaseBoard.a(font5x7.o)
                                 0xcd (size before relaxing)
 .debug_str     0x0000189d      0x25b C:\Users\UNKNOWN\Documents\LPCXpresso_6.1.4_194\workspace\Lib_MCU\Debug\libLib_MCU.a(lpc17xx_gpio.o)
                                0x47e (size before relaxing)
 .debug_str     0x00001af8      0x312 C:\Users\UNKNOWN\Documents\LPCXpresso_6.1.4_194\workspace\Lib_MCU\Debug\libLib_MCU.a(lpc17xx_i2c.o)
                                0x814 (size before relaxing)
 .debug_str     0x00001e0a       0x32 C:\Users\UNKNOWN\Documents\LPCXpresso_6.1.4_194\workspace\Lib_MCU\Debug\libLib_MCU.a(lpc17xx_libcfg_default.o)
                                0x157 (size before relaxing)
 .debug_str     0x00001e3c      0x108 C:\Users\UNKNOWN\Documents\LPCXpresso_6.1.4_194\workspace\Lib_MCU\Debug\libLib_MCU.a(lpc17xx_pinsel.o)
                                0x3b3 (size before relaxing)
 .debug_str     0x00001f44      0x211 C:\Users\UNKNOWN\Documents\LPCXpresso_6.1.4_194\workspace\Lib_MCU\Debug\libLib_MCU.a(lpc17xx_ssp.o)
                                0x491 (size before relaxing)
 .debug_str     0x00002155       0xcb C:\Users\UNKNOWN\Documents\LPCXpresso_6.1.4_194\workspace\Lib_MCU\Debug\libLib_MCU.a(lpc17xx_clkpwr.o)
                                0x3af (size before relaxing)
 .debug_str     0x00002220       0xbc c:/nxp/lpcxpresso_6.1.4_194/lpcxpresso/tools/bin/../lib/gcc/arm-none-eabi/4.6.2/../../../../arm-none-eabi/lib/armv7-m\libcr_newlib_semihost.a(_cr_sbrk.o)
                                0x145 (size before relaxing)
 .debug_str     0x000022dc       0x45 c:/nxp/lpcxpresso_6.1.4_194/lpcxpresso/tools/bin/../lib/gcc/arm-none-eabi/4.6.2/../../../../arm-none-eabi/lib/armv7-m\libcr_newlib_semihost.a(_cr_check_heap.o)
                                 0xd1 (size before relaxing)

.comment        0x00000000       0x9a
 .comment       0x00000000       0x70 ./src/cr_startup_lpc17.o
                                 0x71 (size before relaxing)
 .comment       0x00000000       0x71 ./src/easyweb.o
 .comment       0x00000000       0x71 ./src/ethmac.o
 .comment       0x00000000       0x71 ./src/ew_systick.o
 .comment       0x00000000       0x71 ./src/tcpip.o
 .comment       0x00000000       0x71 C:\Users\UNKNOWN\Documents\LPCXpresso_6.1.4_194\workspace\Lib_CMSISv1p30_LPC17xx\Debug\libLib_CMSISv1p30_LPC17xx.a(system_LPC17xx.o)
 .comment       0x00000000       0x71 C:\Users\UNKNOWN\Documents\LPCXpresso_6.1.4_194\workspace\Lib_EaBaseBoard\Debug\libLib_EaBaseBoard.a(light.o)
 .comment       0x00000000       0x71 C:\Users\UNKNOWN\Documents\LPCXpresso_6.1.4_194\workspace\Lib_EaBaseBoard\Debug\libLib_EaBaseBoard.a(oled.o)
 .comment       0x00000000       0x71 C:\Users\UNKNOWN\Documents\LPCXpresso_6.1.4_194\workspace\Lib_EaBaseBoard\Debug\libLib_EaBaseBoard.a(font5x7.o)
 .comment       0x00000000       0x71 C:\Users\UNKNOWN\Documents\LPCXpresso_6.1.4_194\workspace\Lib_MCU\Debug\libLib_MCU.a(lpc17xx_gpio.o)
 .comment       0x00000000       0x71 C:\Users\UNKNOWN\Documents\LPCXpresso_6.1.4_194\workspace\Lib_MCU\Debug\libLib_MCU.a(lpc17xx_i2c.o)
 .comment       0x00000000       0x71 C:\Users\UNKNOWN\Documents\LPCXpresso_6.1.4_194\workspace\Lib_MCU\Debug\libLib_MCU.a(lpc17xx_libcfg_default.o)
 .comment       0x00000000       0x71 C:\Users\UNKNOWN\Documents\LPCXpresso_6.1.4_194\workspace\Lib_MCU\Debug\libLib_MCU.a(lpc17xx_pinsel.o)
 .comment       0x00000000       0x71 C:\Users\UNKNOWN\Documents\LPCXpresso_6.1.4_194\workspace\Lib_MCU\Debug\libLib_MCU.a(lpc17xx_ssp.o)
 .comment       0x00000000       0x71 C:\Users\UNKNOWN\Documents\LPCXpresso_6.1.4_194\workspace\Lib_MCU\Debug\libLib_MCU.a(lpc17xx_clkpwr.o)
 .comment       0x00000070       0x2a c:/nxp/lpcxpresso_6.1.4_194/lpcxpresso/tools/bin/../lib/gcc/arm-none-eabi/4.6.2/../../../../arm-none-eabi/lib/armv7-m\libcr_newlib_semihost.a(_cr_sbrk.o)
                                 0x2b (size before relaxing)
 .comment       0x00000000       0x2b c:/nxp/lpcxpresso_6.1.4_194/lpcxpresso/tools/bin/../lib/gcc/arm-none-eabi/4.6.2/../../../../arm-none-eabi/lib/armv7-m\libcr_newlib_semihost.a(_cr_check_heap.o)

.ARM.attributes
                0x00000000       0x33
 .ARM.attributes
                0x00000000       0x33 ./src/cr_startup_lpc17.o
 .ARM.attributes
                0x00000033       0x33 ./src/easyweb.o
 .ARM.attributes
                0x00000066       0x33 ./src/ethmac.o
 .ARM.attributes
                0x00000099       0x33 ./src/ew_systick.o
 .ARM.attributes
                0x000000cc       0x33 ./src/tcpip.o
 .ARM.attributes
                0x000000ff       0x33 C:\Users\UNKNOWN\Documents\LPCXpresso_6.1.4_194\workspace\Lib_CMSISv1p30_LPC17xx\Debug\libLib_CMSISv1p30_LPC17xx.a(system_LPC17xx.o)
 .ARM.attributes
                0x00000132       0x33 C:\Users\UNKNOWN\Documents\LPCXpresso_6.1.4_194\workspace\Lib_EaBaseBoard\Debug\libLib_EaBaseBoard.a(light.o)
 .ARM.attributes
                0x00000165       0x33 C:\Users\UNKNOWN\Documents\LPCXpresso_6.1.4_194\workspace\Lib_EaBaseBoard\Debug\libLib_EaBaseBoard.a(oled.o)
 .ARM.attributes
                0x00000198       0x33 C:\Users\UNKNOWN\Documents\LPCXpresso_6.1.4_194\workspace\Lib_EaBaseBoard\Debug\libLib_EaBaseBoard.a(font5x7.o)
 .ARM.attributes
                0x000001cb       0x33 C:\Users\UNKNOWN\Documents\LPCXpresso_6.1.4_194\workspace\Lib_MCU\Debug\libLib_MCU.a(lpc17xx_gpio.o)
 .ARM.attributes
                0x000001fe       0x33 C:\Users\UNKNOWN\Documents\LPCXpresso_6.1.4_194\workspace\Lib_MCU\Debug\libLib_MCU.a(lpc17xx_i2c.o)
 .ARM.attributes
                0x00000231       0x33 C:\Users\UNKNOWN\Documents\LPCXpresso_6.1.4_194\workspace\Lib_MCU\Debug\libLib_MCU.a(lpc17xx_libcfg_default.o)
 .ARM.attributes
                0x00000264       0x33 C:\Users\UNKNOWN\Documents\LPCXpresso_6.1.4_194\workspace\Lib_MCU\Debug\libLib_MCU.a(lpc17xx_pinsel.o)
 .ARM.attributes
                0x00000297       0x33 C:\Users\UNKNOWN\Documents\LPCXpresso_6.1.4_194\workspace\Lib_MCU\Debug\libLib_MCU.a(lpc17xx_ssp.o)
 .ARM.attributes
                0x000002ca       0x33 C:\Users\UNKNOWN\Documents\LPCXpresso_6.1.4_194\workspace\Lib_MCU\Debug\libLib_MCU.a(lpc17xx_clkpwr.o)
 .ARM.attributes
                0x000002fd       0x1d c:/nxp/lpcxpresso_6.1.4_194/lpcxpresso/tools/bin/../lib/gcc/arm-none-eabi/4.6.2/armv7-m\libgcc.a(_arm_addsubdf3.o)
 .ARM.attributes
                0x0000031a       0x1d c:/nxp/lpcxpresso_6.1.4_194/lpcxpresso/tools/bin/../lib/gcc/arm-none-eabi/4.6.2/armv7-m\libgcc.a(_arm_muldivdf3.o)
 .ARM.attributes
                0x00000337       0x1d c:/nxp/lpcxpresso_6.1.4_194/lpcxpresso/tools/bin/../lib/gcc/arm-none-eabi/4.6.2/armv7-m\libgcc.a(_arm_fixdfsi.o)
 .ARM.attributes
                0x00000354       0x1d c:/nxp/lpcxpresso_6.1.4_194/lpcxpresso/tools/bin/../lib/gcc/arm-none-eabi/4.6.2/armv7-m\libgcc.a(_arm_fixunsdfsi.o)
 .ARM.attributes
                0x00000371       0x1d c:/nxp/lpcxpresso_6.1.4_194/lpcxpresso/tools/bin/../lib/gcc/arm-none-eabi/4.6.2/armv7-m\libgcc.a(_aeabi_uldivmod.o)
 .ARM.attributes
                0x0000038e       0x2d c:/nxp/lpcxpresso_6.1.4_194/lpcxpresso/tools/bin/../lib/gcc/arm-none-eabi/4.6.2/armv7-m\libgcc.a(bpabi.o)
 .ARM.attributes
                0x000003bb       0x1d c:/nxp/lpcxpresso_6.1.4_194/lpcxpresso/tools/bin/../lib/gcc/arm-none-eabi/4.6.2/armv7-m\libgcc.a(_dvmd_tls.o)
 .ARM.attributes
                0x000003d8       0x2d c:/nxp/lpcxpresso_6.1.4_194/lpcxpresso/tools/bin/../lib/gcc/arm-none-eabi/4.6.2/armv7-m\libgcc.a(_divdi3.o)
 .ARM.attributes
                0x00000405       0x2d c:/nxp/lpcxpresso_6.1.4_194/lpcxpresso/tools/bin/../lib/gcc/arm-none-eabi/4.6.2/armv7-m\libgcc.a(_udivdi3.o)
 .ARM.attributes
                0x00000432       0x2d c:/nxp/lpcxpresso_6.1.4_194/lpcxpresso/tools/bin/../lib/gcc/arm-none-eabi/4.6.2/../../../../arm-none-eabi/lib/armv7-m\libc.a(lib_a-memcmp.o)
 .ARM.attributes
                0x0000045f       0x2d c:/nxp/lpcxpresso_6.1.4_194/lpcxpresso/tools/bin/../lib/gcc/arm-none-eabi/4.6.2/../../../../arm-none-eabi/lib/armv7-m\libc.a(lib_a-memcpy.o)
 .ARM.attributes
                0x0000048c       0x2d c:/nxp/lpcxpresso_6.1.4_194/lpcxpresso/tools/bin/../lib/gcc/arm-none-eabi/4.6.2/../../../../arm-none-eabi/lib/armv7-m\libc.a(lib_a-memset.o)
 .ARM.attributes
                0x000004b9       0x2d c:/nxp/lpcxpresso_6.1.4_194/lpcxpresso/tools/bin/../lib/gcc/arm-none-eabi/4.6.2/../../../../arm-none-eabi/lib/armv7-m\libc.a(lib_a-sprintf.o)
 .ARM.attributes
                0x000004e6       0x2d c:/nxp/lpcxpresso_6.1.4_194/lpcxpresso/tools/bin/../lib/gcc/arm-none-eabi/4.6.2/../../../../arm-none-eabi/lib/armv7-m\libc.a(lib_a-svfprintf.o)
 .ARM.attributes
                0x00000513       0x2d c:/nxp/lpcxpresso_6.1.4_194/lpcxpresso/tools/bin/../lib/gcc/arm-none-eabi/4.6.2/../../../../arm-none-eabi/lib/armv7-m\libc.a(lib_a-dtoa.o)
 .ARM.attributes
                0x00000540       0x2d c:/nxp/lpcxpresso_6.1.4_194/lpcxpresso/tools/bin/../lib/gcc/arm-none-eabi/4.6.2/../../../../arm-none-eabi/lib/armv7-m\libc.a(lib_a-impure.o)
 .ARM.attributes
                0x0000056d       0x2d c:/nxp/lpcxpresso_6.1.4_194/lpcxpresso/tools/bin/../lib/gcc/arm-none-eabi/4.6.2/../../../../arm-none-eabi/lib/armv7-m\libc.a(lib_a-locale.o)
 .ARM.attributes
                0x0000059a       0x2d c:/nxp/lpcxpresso_6.1.4_194/lpcxpresso/tools/bin/../lib/gcc/arm-none-eabi/4.6.2/../../../../arm-none-eabi/lib/armv7-m\libc.a(lib_a-mallocr.o)
 .ARM.attributes
                0x000005c7       0x2d c:/nxp/lpcxpresso_6.1.4_194/lpcxpresso/tools/bin/../lib/gcc/arm-none-eabi/4.6.2/../../../../arm-none-eabi/lib/armv7-m\libc.a(lib_a-memchr.o)
 .ARM.attributes
                0x000005f4       0x2d c:/nxp/lpcxpresso_6.1.4_194/lpcxpresso/tools/bin/../lib/gcc/arm-none-eabi/4.6.2/../../../../arm-none-eabi/lib/armv7-m\libc.a(lib_a-mlock.o)
 .ARM.attributes
                0x00000621       0x2d c:/nxp/lpcxpresso_6.1.4_194/lpcxpresso/tools/bin/../lib/gcc/arm-none-eabi/4.6.2/../../../../arm-none-eabi/lib/armv7-m\libc.a(lib_a-mprec.o)
 .ARM.attributes
                0x0000064e       0x2d c:/nxp/lpcxpresso_6.1.4_194/lpcxpresso/tools/bin/../lib/gcc/arm-none-eabi/4.6.2/../../../../arm-none-eabi/lib/armv7-m\libc.a(lib_a-s_fpclassify.o)
 .ARM.attributes
                0x0000067b       0x2d c:/nxp/lpcxpresso_6.1.4_194/lpcxpresso/tools/bin/../lib/gcc/arm-none-eabi/4.6.2/../../../../arm-none-eabi/lib/armv7-m\libc.a(lib_a-sbrkr.o)
 .ARM.attributes
                0x000006a8       0x2d c:/nxp/lpcxpresso_6.1.4_194/lpcxpresso/tools/bin/../lib/gcc/arm-none-eabi/4.6.2/../../../../arm-none-eabi/lib/armv7-m\libc.a(lib_a-strcmp.o)
 .ARM.attributes
                0x000006d5       0x2d c:/nxp/lpcxpresso_6.1.4_194/lpcxpresso/tools/bin/../lib/gcc/arm-none-eabi/4.6.2/../../../../arm-none-eabi/lib/armv7-m\libc.a(lib_a-strlen.o)
 .ARM.attributes
                0x00000702       0x2d c:/nxp/lpcxpresso_6.1.4_194/lpcxpresso/tools/bin/../lib/gcc/arm-none-eabi/4.6.2/../../../../arm-none-eabi/lib/armv7-m\libc.a(lib_a-svfiprintf.o)
 .ARM.attributes
                0x0000072f       0x2d c:/nxp/lpcxpresso_6.1.4_194/lpcxpresso/tools/bin/../lib/gcc/arm-none-eabi/4.6.2/../../../../arm-none-eabi/lib/armv7-m\libc.a(lib_a-callocr.o)
 .ARM.attributes
                0x0000075c       0x2d c:/nxp/lpcxpresso_6.1.4_194/lpcxpresso/tools/bin/../lib/gcc/arm-none-eabi/4.6.2/../../../../arm-none-eabi/lib/armv7-m\libc.a(lib_a-freer.o)
 .ARM.attributes
                0x00000789       0x2d c:/nxp/lpcxpresso_6.1.4_194/lpcxpresso/tools/bin/../lib/gcc/arm-none-eabi/4.6.2/../../../../arm-none-eabi/lib/armv7-m\libc.a(lib_a-memmove.o)
 .ARM.attributes
                0x000007b6       0x2d c:/nxp/lpcxpresso_6.1.4_194/lpcxpresso/tools/bin/../lib/gcc/arm-none-eabi/4.6.2/../../../../arm-none-eabi/lib/armv7-m\libc.a(lib_a-reallocr.o)
 .ARM.attributes
                0x000007e3       0x2d c:/nxp/lpcxpresso_6.1.4_194/lpcxpresso/tools/bin/../lib/gcc/arm-none-eabi/4.6.2/../../../../arm-none-eabi/lib/armv7-m\libc.a(lib_a-reent.o)
 .ARM.attributes
                0x00000810       0x31 c:/nxp/lpcxpresso_6.1.4_194/lpcxpresso/tools/bin/../lib/gcc/arm-none-eabi/4.6.2/../../../../arm-none-eabi/lib/armv7-m\libcr_newlib_semihost.a(_cr_sbrk.o)
 .ARM.attributes
                0x00000841       0x31 c:/nxp/lpcxpresso_6.1.4_194/lpcxpresso/tools/bin/../lib/gcc/arm-none-eabi/4.6.2/../../../../arm-none-eabi/lib/armv7-m\libcr_newlib_semihost.a(_cr_check_heap.o)
 .ARM.attributes
                0x00000872       0x1d c:/nxp/lpcxpresso_6.1.4_194/lpcxpresso/tools/bin/../lib/gcc/arm-none-eabi/4.6.2/armv7-m\libgcc.a(_arm_cmpdf2.o)
 .ARM.attributes
                0x0000088f       0x2d c:/nxp/lpcxpresso_6.1.4_194/lpcxpresso/tools/bin/../lib/gcc/arm-none-eabi/4.6.2/../../../../arm-none-eabi/lib/armv7-m\libc.a(lib_a-errno.o)

.debug_frame    0x00000000     0x1e38
 .debug_frame   0x00000000      0x120 ./src/cr_startup_lpc17.o
 .debug_frame   0x00000120      0x120 ./src/easyweb.o
 .debug_frame   0x00000240      0x1a0 ./src/ethmac.o
 .debug_frame   0x000003e0       0x84 ./src/ew_systick.o
 .debug_frame   0x00000464      0x354 ./src/tcpip.o
 .debug_frame   0x000007b8       0x48 C:\Users\UNKNOWN\Documents\LPCXpresso_6.1.4_194\workspace\Lib_CMSISv1p30_LPC17xx\Debug\libLib_CMSISv1p30_LPC17xx.a(system_LPC17xx.o)
 .debug_frame   0x00000800      0x208 C:\Users\UNKNOWN\Documents\LPCXpresso_6.1.4_194\workspace\Lib_EaBaseBoard\Debug\libLib_EaBaseBoard.a(light.o)
 .debug_frame   0x00000a08      0x1ec C:\Users\UNKNOWN\Documents\LPCXpresso_6.1.4_194\workspace\Lib_EaBaseBoard\Debug\libLib_EaBaseBoard.a(oled.o)
 .debug_frame   0x00000bf4      0x2c4 C:\Users\UNKNOWN\Documents\LPCXpresso_6.1.4_194\workspace\Lib_MCU\Debug\libLib_MCU.a(lpc17xx_gpio.o)
 .debug_frame   0x00000eb8      0x2c8 C:\Users\UNKNOWN\Documents\LPCXpresso_6.1.4_194\workspace\Lib_MCU\Debug\libLib_MCU.a(lpc17xx_i2c.o)
 .debug_frame   0x00001180       0x2c C:\Users\UNKNOWN\Documents\LPCXpresso_6.1.4_194\workspace\Lib_MCU\Debug\libLib_MCU.a(lpc17xx_libcfg_default.o)
 .debug_frame   0x000011ac       0xbc C:\Users\UNKNOWN\Documents\LPCXpresso_6.1.4_194\workspace\Lib_MCU\Debug\libLib_MCU.a(lpc17xx_pinsel.o)
 .debug_frame   0x00001268      0x280 C:\Users\UNKNOWN\Documents\LPCXpresso_6.1.4_194\workspace\Lib_MCU\Debug\libLib_MCU.a(lpc17xx_ssp.o)
 .debug_frame   0x000014e8      0x10c C:\Users\UNKNOWN\Documents\LPCXpresso_6.1.4_194\workspace\Lib_MCU\Debug\libLib_MCU.a(lpc17xx_clkpwr.o)
 .debug_frame   0x000015f4       0x50 c:/nxp/lpcxpresso_6.1.4_194/lpcxpresso/tools/bin/../lib/gcc/arm-none-eabi/4.6.2/armv7-m\libgcc.a(bpabi.o)
 .debug_frame   0x00001644       0x34 c:/nxp/lpcxpresso_6.1.4_194/lpcxpresso/tools/bin/../lib/gcc/arm-none-eabi/4.6.2/armv7-m\libgcc.a(_divdi3.o)
 .debug_frame   0x00001678       0x34 c:/nxp/lpcxpresso_6.1.4_194/lpcxpresso/tools/bin/../lib/gcc/arm-none-eabi/4.6.2/armv7-m\libgcc.a(_udivdi3.o)
 .debug_frame   0x000016ac       0x2c c:/nxp/lpcxpresso_6.1.4_194/lpcxpresso/tools/bin/../lib/gcc/arm-none-eabi/4.6.2/../../../../arm-none-eabi/lib/armv7-m\libc.a(lib_a-memcmp.o)
 .debug_frame   0x000016d8       0x2c c:/nxp/lpcxpresso_6.1.4_194/lpcxpresso/tools/bin/../lib/gcc/arm-none-eabi/4.6.2/../../../../arm-none-eabi/lib/armv7-m\libc.a(lib_a-memcpy.o)
 .debug_frame   0x00001704       0x2c c:/nxp/lpcxpresso_6.1.4_194/lpcxpresso/tools/bin/../lib/gcc/arm-none-eabi/4.6.2/../../../../arm-none-eabi/lib/armv7-m\libc.a(lib_a-memset.o)
 .debug_frame   0x00001730       0x64 c:/nxp/lpcxpresso_6.1.4_194/lpcxpresso/tools/bin/../lib/gcc/arm-none-eabi/4.6.2/../../../../arm-none-eabi/lib/armv7-m\libc.a(lib_a-sprintf.o)
 .debug_frame   0x00001794       0x3c c:/nxp/lpcxpresso_6.1.4_194/lpcxpresso/tools/bin/../lib/gcc/arm-none-eabi/4.6.2/../../../../arm-none-eabi/lib/armv7-m\libc.a(lib_a-svfprintf.o)
 .debug_frame   0x000017d0       0x64 c:/nxp/lpcxpresso_6.1.4_194/lpcxpresso/tools/bin/../lib/gcc/arm-none-eabi/4.6.2/../../../../arm-none-eabi/lib/armv7-m\libc.a(lib_a-dtoa.o)
 .debug_frame   0x00001834       0x98 c:/nxp/lpcxpresso_6.1.4_194/lpcxpresso/tools/bin/../lib/gcc/arm-none-eabi/4.6.2/../../../../arm-none-eabi/lib/armv7-m\libc.a(lib_a-locale.o)
 .debug_frame   0x000018cc       0x38 c:/nxp/lpcxpresso_6.1.4_194/lpcxpresso/tools/bin/../lib/gcc/arm-none-eabi/4.6.2/../../../../arm-none-eabi/lib/armv7-m\libc.a(lib_a-mallocr.o)
 .debug_frame   0x00001904       0x2c c:/nxp/lpcxpresso_6.1.4_194/lpcxpresso/tools/bin/../lib/gcc/arm-none-eabi/4.6.2/../../../../arm-none-eabi/lib/armv7-m\libc.a(lib_a-memchr.o)
 .debug_frame   0x00001930       0x30 c:/nxp/lpcxpresso_6.1.4_194/lpcxpresso/tools/bin/../lib/gcc/arm-none-eabi/4.6.2/../../../../arm-none-eabi/lib/armv7-m\libc.a(lib_a-mlock.o)
 .debug_frame   0x00001960      0x228 c:/nxp/lpcxpresso_6.1.4_194/lpcxpresso/tools/bin/../lib/gcc/arm-none-eabi/4.6.2/../../../../arm-none-eabi/lib/armv7-m\libc.a(lib_a-mprec.o)
 .debug_frame   0x00001b88       0x20 c:/nxp/lpcxpresso_6.1.4_194/lpcxpresso/tools/bin/../lib/gcc/arm-none-eabi/4.6.2/../../../../arm-none-eabi/lib/armv7-m\libc.a(lib_a-s_fpclassify.o)
 .debug_frame   0x00001ba8       0x2c c:/nxp/lpcxpresso_6.1.4_194/lpcxpresso/tools/bin/../lib/gcc/arm-none-eabi/4.6.2/../../../../arm-none-eabi/lib/armv7-m\libc.a(lib_a-sbrkr.o)
 .debug_frame   0x00001bd4       0x30 c:/nxp/lpcxpresso_6.1.4_194/lpcxpresso/tools/bin/../lib/gcc/arm-none-eabi/4.6.2/../../../../arm-none-eabi/lib/armv7-m\libc.a(lib_a-strcmp.o)
 .debug_frame   0x00001c04       0x20 c:/nxp/lpcxpresso_6.1.4_194/lpcxpresso/tools/bin/../lib/gcc/arm-none-eabi/4.6.2/../../../../arm-none-eabi/lib/armv7-m\libc.a(lib_a-strlen.o)
 .debug_frame   0x00001c24       0x64 c:/nxp/lpcxpresso_6.1.4_194/lpcxpresso/tools/bin/../lib/gcc/arm-none-eabi/4.6.2/../../../../arm-none-eabi/lib/armv7-m\libc.a(lib_a-svfiprintf.o)
 .debug_frame   0x00001c88       0x28 c:/nxp/lpcxpresso_6.1.4_194/lpcxpresso/tools/bin/../lib/gcc/arm-none-eabi/4.6.2/../../../../arm-none-eabi/lib/armv7-m\libc.a(lib_a-callocr.o)
 .debug_frame   0x00001cb0       0x50 c:/nxp/lpcxpresso_6.1.4_194/lpcxpresso/tools/bin/../lib/gcc/arm-none-eabi/4.6.2/../../../../arm-none-eabi/lib/armv7-m\libc.a(lib_a-freer.o)
 .debug_frame   0x00001d00       0x2c c:/nxp/lpcxpresso_6.1.4_194/lpcxpresso/tools/bin/../lib/gcc/arm-none-eabi/4.6.2/../../../../arm-none-eabi/lib/armv7-m\libc.a(lib_a-memmove.o)
 .debug_frame   0x00001d2c       0x38 c:/nxp/lpcxpresso_6.1.4_194/lpcxpresso/tools/bin/../lib/gcc/arm-none-eabi/4.6.2/../../../../arm-none-eabi/lib/armv7-m\libc.a(lib_a-reallocr.o)
 .debug_frame   0x00001d64       0x68 c:/nxp/lpcxpresso_6.1.4_194/lpcxpresso/tools/bin/../lib/gcc/arm-none-eabi/4.6.2/../../../../arm-none-eabi/lib/armv7-m\libc.a(lib_a-reent.o)
 .debug_frame   0x00001dcc       0x2c c:/nxp/lpcxpresso_6.1.4_194/lpcxpresso/tools/bin/../lib/gcc/arm-none-eabi/4.6.2/../../../../arm-none-eabi/lib/armv7-m\libcr_newlib_semihost.a(_cr_sbrk.o)
 .debug_frame   0x00001df8       0x20 c:/nxp/lpcxpresso_6.1.4_194/lpcxpresso/tools/bin/../lib/gcc/arm-none-eabi/4.6.2/../../../../arm-none-eabi/lib/armv7-m\libcr_newlib_semihost.a(_cr_check_heap.o)
 .debug_frame   0x00001e18       0x20 c:/nxp/lpcxpresso_6.1.4_194/lpcxpresso/tools/bin/../lib/gcc/arm-none-eabi/4.6.2/../../../../arm-none-eabi/lib/armv7-m\libc.a(lib_a-errno.o)

.debug_pubnames
                0x00000000       0x68
 .debug_pubnames
                0x00000000       0x2e c:/nxp/lpcxpresso_6.1.4_194/lpcxpresso/tools/bin/../lib/gcc/arm-none-eabi/4.6.2/../../../../arm-none-eabi/lib/armv7-m\libcr_newlib_semihost.a(_cr_sbrk.o)
 .debug_pubnames
                0x0000002e       0x3a c:/nxp/lpcxpresso_6.1.4_194/lpcxpresso/tools/bin/../lib/gcc/arm-none-eabi/4.6.2/../../../../arm-none-eabi/lib/armv7-m\libcr_newlib_semihost.a(_cr_check_heap.o)

.debug_pubtypes
                0x00000000       0x1d
 .debug_pubtypes
                0x00000000       0x1d c:/nxp/lpcxpresso_6.1.4_194/lpcxpresso/tools/bin/../lib/gcc/arm-none-eabi/4.6.2/../../../../arm-none-eabi/lib/armv7-m\libcr_newlib_semihost.a(_cr_sbrk.o)
